Archive member included because of file (symbol)

c:/program files (x86)/atmel/atmel toolchain/avr8 gcc/native/3.4.2.1002/avr8-gnu-toolchain/bin/../lib/gcc/avr/4.7.2/../../../../avr/lib/avrxmega7\libm.a(addsf3.o)
                              ATtinyServo.o (__subsf3)
c:/program files (x86)/atmel/atmel toolchain/avr8 gcc/native/3.4.2.1002/avr8-gnu-toolchain/bin/../lib/gcc/avr/4.7.2/../../../../avr/lib/avrxmega7\libm.a(addsf3x.o)
                              c:/program files (x86)/atmel/atmel toolchain/avr8 gcc/native/3.4.2.1002/avr8-gnu-toolchain/bin/../lib/gcc/avr/4.7.2/../../../../avr/lib/avrxmega7\libm.a(addsf3.o) (__addsf3x)
c:/program files (x86)/atmel/atmel toolchain/avr8 gcc/native/3.4.2.1002/avr8-gnu-toolchain/bin/../lib/gcc/avr/4.7.2/../../../../avr/lib/avrxmega7\libm.a(cmpsf2.o)
                              ATtinyServo.o (__ltsf2)
c:/program files (x86)/atmel/atmel toolchain/avr8 gcc/native/3.4.2.1002/avr8-gnu-toolchain/bin/../lib/gcc/avr/4.7.2/../../../../avr/lib/avrxmega7\libm.a(fixunssfsi.o)
                              ATtinyServo.o (__fixunssfsi)
c:/program files (x86)/atmel/atmel toolchain/avr8 gcc/native/3.4.2.1002/avr8-gnu-toolchain/bin/../lib/gcc/avr/4.7.2/../../../../avr/lib/avrxmega7\libm.a(floatsisf.o)
                              ATtinyServo.o (__floatunsisf)
c:/program files (x86)/atmel/atmel toolchain/avr8 gcc/native/3.4.2.1002/avr8-gnu-toolchain/bin/../lib/gcc/avr/4.7.2/../../../../avr/lib/avrxmega7\libm.a(fp_cmp.o)
                              c:/program files (x86)/atmel/atmel toolchain/avr8 gcc/native/3.4.2.1002/avr8-gnu-toolchain/bin/../lib/gcc/avr/4.7.2/../../../../avr/lib/avrxmega7\libm.a(cmpsf2.o) (__fp_cmp)
c:/program files (x86)/atmel/atmel toolchain/avr8 gcc/native/3.4.2.1002/avr8-gnu-toolchain/bin/../lib/gcc/avr/4.7.2/../../../../avr/lib/avrxmega7\libm.a(fp_inf.o)
                              c:/program files (x86)/atmel/atmel toolchain/avr8 gcc/native/3.4.2.1002/avr8-gnu-toolchain/bin/../lib/gcc/avr/4.7.2/../../../../avr/lib/avrxmega7\libm.a(addsf3x.o) (__fp_inf)
c:/program files (x86)/atmel/atmel toolchain/avr8 gcc/native/3.4.2.1002/avr8-gnu-toolchain/bin/../lib/gcc/avr/4.7.2/../../../../avr/lib/avrxmega7\libm.a(fp_nan.o)
                              c:/program files (x86)/atmel/atmel toolchain/avr8 gcc/native/3.4.2.1002/avr8-gnu-toolchain/bin/../lib/gcc/avr/4.7.2/../../../../avr/lib/avrxmega7\libm.a(addsf3x.o) (__fp_nan)
c:/program files (x86)/atmel/atmel toolchain/avr8 gcc/native/3.4.2.1002/avr8-gnu-toolchain/bin/../lib/gcc/avr/4.7.2/../../../../avr/lib/avrxmega7\libm.a(fp_pscA.o)
                              c:/program files (x86)/atmel/atmel toolchain/avr8 gcc/native/3.4.2.1002/avr8-gnu-toolchain/bin/../lib/gcc/avr/4.7.2/../../../../avr/lib/avrxmega7\libm.a(addsf3x.o) (__fp_pscA)
c:/program files (x86)/atmel/atmel toolchain/avr8 gcc/native/3.4.2.1002/avr8-gnu-toolchain/bin/../lib/gcc/avr/4.7.2/../../../../avr/lib/avrxmega7\libm.a(fp_pscB.o)
                              c:/program files (x86)/atmel/atmel toolchain/avr8 gcc/native/3.4.2.1002/avr8-gnu-toolchain/bin/../lib/gcc/avr/4.7.2/../../../../avr/lib/avrxmega7\libm.a(addsf3x.o) (__fp_pscB)
c:/program files (x86)/atmel/atmel toolchain/avr8 gcc/native/3.4.2.1002/avr8-gnu-toolchain/bin/../lib/gcc/avr/4.7.2/../../../../avr/lib/avrxmega7\libm.a(fp_round.o)
                              c:/program files (x86)/atmel/atmel toolchain/avr8 gcc/native/3.4.2.1002/avr8-gnu-toolchain/bin/../lib/gcc/avr/4.7.2/../../../../avr/lib/avrxmega7\libm.a(addsf3.o) (__fp_round)
c:/program files (x86)/atmel/atmel toolchain/avr8 gcc/native/3.4.2.1002/avr8-gnu-toolchain/bin/../lib/gcc/avr/4.7.2/../../../../avr/lib/avrxmega7\libm.a(fp_split3.o)
                              c:/program files (x86)/atmel/atmel toolchain/avr8 gcc/native/3.4.2.1002/avr8-gnu-toolchain/bin/../lib/gcc/avr/4.7.2/../../../../avr/lib/avrxmega7\libm.a(addsf3x.o) (__fp_split3)
c:/program files (x86)/atmel/atmel toolchain/avr8 gcc/native/3.4.2.1002/avr8-gnu-toolchain/bin/../lib/gcc/avr/4.7.2/../../../../avr/lib/avrxmega7\libm.a(fp_zero.o)
                              c:/program files (x86)/atmel/atmel toolchain/avr8 gcc/native/3.4.2.1002/avr8-gnu-toolchain/bin/../lib/gcc/avr/4.7.2/../../../../avr/lib/avrxmega7\libm.a(addsf3x.o) (__fp_zero)
c:/program files (x86)/atmel/atmel toolchain/avr8 gcc/native/3.4.2.1002/avr8-gnu-toolchain/bin/../lib/gcc/avr/4.7.2/../../../../avr/lib/avrxmega7\libm.a(gesf2.o)
                              ATtinyServo.o (__gtsf2)
c:/program files (x86)/atmel/atmel toolchain/avr8 gcc/native/3.4.2.1002/avr8-gnu-toolchain/bin/../lib/gcc/avr/4.7.2/../../../../avr/lib/avrxmega7\libprintf_flt.a(vfprintf_flt.o)
                              (vfprintf)
c:/program files (x86)/atmel/atmel toolchain/avr8 gcc/native/3.4.2.1002/avr8-gnu-toolchain/bin/../lib/gcc/avr/4.7.2/avrxmega7\libgcc.a(_udivmodqi4.o)
                              ATtinyServo.o (__udivmodqi4)
c:/program files (x86)/atmel/atmel toolchain/avr8 gcc/native/3.4.2.1002/avr8-gnu-toolchain/bin/../lib/gcc/avr/4.7.2/avrxmega7\libgcc.a(_udivmodhi4.o)
                              RTC.o (__udivmodhi4)
c:/program files (x86)/atmel/atmel toolchain/avr8 gcc/native/3.4.2.1002/avr8-gnu-toolchain/bin/../lib/gcc/avr/4.7.2/avrxmega7\libgcc.a(_exit.o)
                              c:/program files (x86)/atmel/atmel toolchain/avr8 gcc/native/3.4.2.1002/avr8-gnu-toolchain/bin/../lib/gcc/avr/4.7.2/../../../../avr/lib/avrxmega7/crtx128a1u.o (exit)
c:/program files (x86)/atmel/atmel toolchain/avr8 gcc/native/3.4.2.1002/avr8-gnu-toolchain/bin/../lib/gcc/avr/4.7.2/avrxmega7\libgcc.a(_copy_data.o)
                              ATtinyServo.o (__do_copy_data)
c:/program files (x86)/atmel/atmel toolchain/avr8 gcc/native/3.4.2.1002/avr8-gnu-toolchain/bin/../lib/gcc/avr/4.7.2/avrxmega7\libgcc.a(_clear_bss.o)
                              adc.o (__do_clear_bss)
c:/program files (x86)/atmel/atmel toolchain/avr8 gcc/native/3.4.2.1002/avr8-gnu-toolchain/bin/../lib/gcc/avr/4.7.2/../../../../avr/lib/avrxmega7\libc.a(ftoa_engine.o)
                              c:/program files (x86)/atmel/atmel toolchain/avr8 gcc/native/3.4.2.1002/avr8-gnu-toolchain/bin/../lib/gcc/avr/4.7.2/../../../../avr/lib/avrxmega7\libprintf_flt.a(vfprintf_flt.o) (__ftoa_engine)
c:/program files (x86)/atmel/atmel toolchain/avr8 gcc/native/3.4.2.1002/avr8-gnu-toolchain/bin/../lib/gcc/avr/4.7.2/../../../../avr/lib/avrxmega7\libc.a(strnlen_P.o)
                              c:/program files (x86)/atmel/atmel toolchain/avr8 gcc/native/3.4.2.1002/avr8-gnu-toolchain/bin/../lib/gcc/avr/4.7.2/../../../../avr/lib/avrxmega7\libprintf_flt.a(vfprintf_flt.o) (strnlen_P)
c:/program files (x86)/atmel/atmel toolchain/avr8 gcc/native/3.4.2.1002/avr8-gnu-toolchain/bin/../lib/gcc/avr/4.7.2/../../../../avr/lib/avrxmega7\libc.a(strnlen.o)
                              c:/program files (x86)/atmel/atmel toolchain/avr8 gcc/native/3.4.2.1002/avr8-gnu-toolchain/bin/../lib/gcc/avr/4.7.2/../../../../avr/lib/avrxmega7\libprintf_flt.a(vfprintf_flt.o) (strnlen)
c:/program files (x86)/atmel/atmel toolchain/avr8 gcc/native/3.4.2.1002/avr8-gnu-toolchain/bin/../lib/gcc/avr/4.7.2/../../../../avr/lib/avrxmega7\libc.a(fputc.o)
                              c:/program files (x86)/atmel/atmel toolchain/avr8 gcc/native/3.4.2.1002/avr8-gnu-toolchain/bin/../lib/gcc/avr/4.7.2/../../../../avr/lib/avrxmega7\libprintf_flt.a(vfprintf_flt.o) (fputc)
c:/program files (x86)/atmel/atmel toolchain/avr8 gcc/native/3.4.2.1002/avr8-gnu-toolchain/bin/../lib/gcc/avr/4.7.2/../../../../avr/lib/avrxmega7\libc.a(ultoa_invert.o)
                              c:/program files (x86)/atmel/atmel toolchain/avr8 gcc/native/3.4.2.1002/avr8-gnu-toolchain/bin/../lib/gcc/avr/4.7.2/../../../../avr/lib/avrxmega7\libprintf_flt.a(vfprintf_flt.o) (__ultoa_invert)

Allocating common symbols
Common symbol       size              file

adcCnt              0x8               adc.o
servoBuffer         0xe9              ATtinyServo.o
servo               0x48              ATtinyServo.o
adc_data            0x100             adc.o

Discarded input sections

 .bss           0x00000000        0x0 c:/program files (x86)/atmel/atmel toolchain/avr8 gcc/native/3.4.2.1002/avr8-gnu-toolchain/bin/../lib/gcc/avr/4.7.2/../../../../avr/lib/avrxmega7/crtx128a1u.o
 .text          0x00000000        0x0 adc.o
 .bss           0x00000000        0x0 adc.o
 .text.filterData
                0x00000000       0x46 adc.o
 .text.analogRead
                0x00000000       0x1a adc.o
 .text          0x00000000        0x0 ATtinyServo.o
 .bss           0x00000000        0x0 ATtinyServo.o
 .text.servo_putchar
                0x00000000        0x4 ATtinyServo.o
 .text.disableServo
                0x00000000       0x28 ATtinyServo.o
 .text.setServoPosition
                0x00000000       0x86 ATtinyServo.o
 .text.getServoAngle
                0x00000000       0x38 ATtinyServo.o
 .text.getServoPosition
                0x00000000       0x18 ATtinyServo.o
 .data.servoBufferFile
                0x00000000        0xe ATtinyServo.o
 .text          0x00000000        0x0 clock.o
 .bss           0x00000000        0x0 clock.o
 .text          0x00000000        0x0 lcd.o
 .bss           0x00000000        0x0 lcd.o
 .text.LCDSetCursor
                0x00000000        0x2 lcd.o
 .text.LCDEnableInterrupt
                0x00000000        0x2 lcd.o
 .text.LCDDisableInterrupt
                0x00000000        0x2 lcd.o
 .text.LCDStrobe
                0x00000000       0x26 lcd.o
 .text.waitWhileLCDBusy
                0x00000000       0x36 lcd.o
 .text.outNibble
                0x00000000       0x28 lcd.o
 .text.LCDWrite
                0x00000000       0x1e lcd.o
 .text.LCDCommand
                0x00000000       0x18 lcd.o
 .text.lcd_putchar
                0x00000000       0x74 lcd.o
 .text.LCDInit  0x00000000       0x9c lcd.o
 .data.lcd_str  0x00000000        0xe lcd.o
 .bss.cr_seen.4000
                0x00000000        0x1 lcd.o
 .bss.nl_seen.3999
                0x00000000        0x1 lcd.o
 .text          0x00000000        0x0 main.o
 .bss           0x00000000        0x0 main.o
 COMMON         0x00000000        0x0 main.o
 .text          0x00000000        0x0 motor.o
 .bss           0x00000000        0x0 motor.o
 .text.motorInit
                0x00000000       0x5e motor.o
 .text.setMotorEffort
                0x00000000       0x9c motor.o
 .text.setMotorEffort_HP
                0x00000000       0x60 motor.o
 .data.hpMotor2
                0x00000000        0x6 motor.o
 .data.hpMotor1
                0x00000000        0x6 motor.o
 .data.motor4   0x00000000        0x4 motor.o
 .data.motor3   0x00000000        0x4 motor.o
 .data.motor2   0x00000000        0x4 motor.o
 .data.motor1   0x00000000        0x4 motor.o
 .text          0x00000000        0x0 renameMe.o
 .bss           0x00000000        0x0 renameMe.o
 .text          0x00000000        0x0 RTC.o
 .bss           0x00000000        0x0 RTC.o
 .text          0x00000000        0x0 uart.o
 .bss           0x00000000        0x0 uart.o
 .text.usart_getc
                0x00000000        0xa uart.o
 .text.usartF1_getc
                0x00000000        0x8 uart.o
 .text.usartF0_getc
                0x00000000        0x8 uart.o
 .text.usartE1_getc
                0x00000000        0x8 uart.o
 .text.usartD1_getc
                0x00000000        0x8 uart.o
 .text.usartD0_getc
                0x00000000        0x8 uart.o
 .text.usartC1_getc
                0x00000000        0x8 uart.o
 .text.usartC0_getc
                0x00000000        0x8 uart.o
 .text.usart_Put
                0x00000000       0x50 uart.o
 .text.usart_putc
                0x00000000       0x24 uart.o
 .text.usartF1_putc
                0x00000000        0xe uart.o
 .text.usartF0_putc
                0x00000000        0xe uart.o
 .text.usartE1_putc
                0x00000000        0xe uart.o
 .text.usartD1_putc
                0x00000000        0xe uart.o
 .text.usartD0_putc
                0x00000000        0xe uart.o
 .text.usartC1_putc
                0x00000000        0xe uart.o
 .text.usartC0_putc
                0x00000000        0xe uart.o
 .text.dataInBuf
                0x00000000       0x16 uart.o
 .data.usartF1_str
                0x00000000        0xe uart.o
 .data.usartF0_str
                0x00000000        0xe uart.o
 .data.usartE1_str
                0x00000000        0xe uart.o
 .data.usartD1_str
                0x00000000        0xe uart.o
 .data.usartD0_str
                0x00000000        0xe uart.o
 .data.usartC1_str
                0x00000000        0xe uart.o
 .data.usartC0_str
                0x00000000        0xe uart.o
 .text          0x00000000        0x0 utility.o
 .bss           0x00000000        0x0 utility.o
 .text          0x00000000        0x0 c:/program files (x86)/atmel/atmel toolchain/avr8 gcc/native/3.4.2.1002/avr8-gnu-toolchain/bin/../lib/gcc/avr/4.7.2/../../../../avr/lib/avrxmega7\libm.a(addsf3.o)
 .bss           0x00000000        0x0 c:/program files (x86)/atmel/atmel toolchain/avr8 gcc/native/3.4.2.1002/avr8-gnu-toolchain/bin/../lib/gcc/avr/4.7.2/../../../../avr/lib/avrxmega7\libm.a(addsf3.o)
 .text          0x00000000        0x0 c:/program files (x86)/atmel/atmel toolchain/avr8 gcc/native/3.4.2.1002/avr8-gnu-toolchain/bin/../lib/gcc/avr/4.7.2/../../../../avr/lib/avrxmega7\libm.a(addsf3x.o)
 .bss           0x00000000        0x0 c:/program files (x86)/atmel/atmel toolchain/avr8 gcc/native/3.4.2.1002/avr8-gnu-toolchain/bin/../lib/gcc/avr/4.7.2/../../../../avr/lib/avrxmega7\libm.a(addsf3x.o)
 .text          0x00000000        0x0 c:/program files (x86)/atmel/atmel toolchain/avr8 gcc/native/3.4.2.1002/avr8-gnu-toolchain/bin/../lib/gcc/avr/4.7.2/../../../../avr/lib/avrxmega7\libm.a(cmpsf2.o)
 .bss           0x00000000        0x0 c:/program files (x86)/atmel/atmel toolchain/avr8 gcc/native/3.4.2.1002/avr8-gnu-toolchain/bin/../lib/gcc/avr/4.7.2/../../../../avr/lib/avrxmega7\libm.a(cmpsf2.o)
 .text.avr-libc.fplib
                0x00000000        0x8 c:/program files (x86)/atmel/atmel toolchain/avr8 gcc/native/3.4.2.1002/avr8-gnu-toolchain/bin/../lib/gcc/avr/4.7.2/../../../../avr/lib/avrxmega7\libm.a(cmpsf2.o)
 .text          0x00000000        0x0 c:/program files (x86)/atmel/atmel toolchain/avr8 gcc/native/3.4.2.1002/avr8-gnu-toolchain/bin/../lib/gcc/avr/4.7.2/../../../../avr/lib/avrxmega7\libm.a(fixunssfsi.o)
 .bss           0x00000000        0x0 c:/program files (x86)/atmel/atmel toolchain/avr8 gcc/native/3.4.2.1002/avr8-gnu-toolchain/bin/../lib/gcc/avr/4.7.2/../../../../avr/lib/avrxmega7\libm.a(fixunssfsi.o)
 .text          0x00000000        0x0 c:/program files (x86)/atmel/atmel toolchain/avr8 gcc/native/3.4.2.1002/avr8-gnu-toolchain/bin/../lib/gcc/avr/4.7.2/../../../../avr/lib/avrxmega7\libm.a(floatsisf.o)
 .bss           0x00000000        0x0 c:/program files (x86)/atmel/atmel toolchain/avr8 gcc/native/3.4.2.1002/avr8-gnu-toolchain/bin/../lib/gcc/avr/4.7.2/../../../../avr/lib/avrxmega7\libm.a(floatsisf.o)
 .text          0x00000000        0x0 c:/program files (x86)/atmel/atmel toolchain/avr8 gcc/native/3.4.2.1002/avr8-gnu-toolchain/bin/../lib/gcc/avr/4.7.2/../../../../avr/lib/avrxmega7\libm.a(fp_cmp.o)
 .bss           0x00000000        0x0 c:/program files (x86)/atmel/atmel toolchain/avr8 gcc/native/3.4.2.1002/avr8-gnu-toolchain/bin/../lib/gcc/avr/4.7.2/../../../../avr/lib/avrxmega7\libm.a(fp_cmp.o)
 .text.avr-libc.fplib
                0x00000000       0x48 c:/program files (x86)/atmel/atmel toolchain/avr8 gcc/native/3.4.2.1002/avr8-gnu-toolchain/bin/../lib/gcc/avr/4.7.2/../../../../avr/lib/avrxmega7\libm.a(fp_cmp.o)
 .text          0x00000000        0x0 c:/program files (x86)/atmel/atmel toolchain/avr8 gcc/native/3.4.2.1002/avr8-gnu-toolchain/bin/../lib/gcc/avr/4.7.2/../../../../avr/lib/avrxmega7\libm.a(fp_inf.o)
 .bss           0x00000000        0x0 c:/program files (x86)/atmel/atmel toolchain/avr8 gcc/native/3.4.2.1002/avr8-gnu-toolchain/bin/../lib/gcc/avr/4.7.2/../../../../avr/lib/avrxmega7\libm.a(fp_inf.o)
 .text          0x00000000        0x0 c:/program files (x86)/atmel/atmel toolchain/avr8 gcc/native/3.4.2.1002/avr8-gnu-toolchain/bin/../lib/gcc/avr/4.7.2/../../../../avr/lib/avrxmega7\libm.a(fp_nan.o)
 .bss           0x00000000        0x0 c:/program files (x86)/atmel/atmel toolchain/avr8 gcc/native/3.4.2.1002/avr8-gnu-toolchain/bin/../lib/gcc/avr/4.7.2/../../../../avr/lib/avrxmega7\libm.a(fp_nan.o)
 .text          0x00000000        0x0 c:/program files (x86)/atmel/atmel toolchain/avr8 gcc/native/3.4.2.1002/avr8-gnu-toolchain/bin/../lib/gcc/avr/4.7.2/../../../../avr/lib/avrxmega7\libm.a(fp_pscA.o)
 .bss           0x00000000        0x0 c:/program files (x86)/atmel/atmel toolchain/avr8 gcc/native/3.4.2.1002/avr8-gnu-toolchain/bin/../lib/gcc/avr/4.7.2/../../../../avr/lib/avrxmega7\libm.a(fp_pscA.o)
 .text          0x00000000        0x0 c:/program files (x86)/atmel/atmel toolchain/avr8 gcc/native/3.4.2.1002/avr8-gnu-toolchain/bin/../lib/gcc/avr/4.7.2/../../../../avr/lib/avrxmega7\libm.a(fp_pscB.o)
 .bss           0x00000000        0x0 c:/program files (x86)/atmel/atmel toolchain/avr8 gcc/native/3.4.2.1002/avr8-gnu-toolchain/bin/../lib/gcc/avr/4.7.2/../../../../avr/lib/avrxmega7\libm.a(fp_pscB.o)
 .text          0x00000000        0x0 c:/program files (x86)/atmel/atmel toolchain/avr8 gcc/native/3.4.2.1002/avr8-gnu-toolchain/bin/../lib/gcc/avr/4.7.2/../../../../avr/lib/avrxmega7\libm.a(fp_round.o)
 .bss           0x00000000        0x0 c:/program files (x86)/atmel/atmel toolchain/avr8 gcc/native/3.4.2.1002/avr8-gnu-toolchain/bin/../lib/gcc/avr/4.7.2/../../../../avr/lib/avrxmega7\libm.a(fp_round.o)
 .text          0x00000000        0x0 c:/program files (x86)/atmel/atmel toolchain/avr8 gcc/native/3.4.2.1002/avr8-gnu-toolchain/bin/../lib/gcc/avr/4.7.2/../../../../avr/lib/avrxmega7\libm.a(fp_split3.o)
 .bss           0x00000000        0x0 c:/program files (x86)/atmel/atmel toolchain/avr8 gcc/native/3.4.2.1002/avr8-gnu-toolchain/bin/../lib/gcc/avr/4.7.2/../../../../avr/lib/avrxmega7\libm.a(fp_split3.o)
 .text          0x00000000        0x0 c:/program files (x86)/atmel/atmel toolchain/avr8 gcc/native/3.4.2.1002/avr8-gnu-toolchain/bin/../lib/gcc/avr/4.7.2/../../../../avr/lib/avrxmega7\libm.a(fp_zero.o)
 .bss           0x00000000        0x0 c:/program files (x86)/atmel/atmel toolchain/avr8 gcc/native/3.4.2.1002/avr8-gnu-toolchain/bin/../lib/gcc/avr/4.7.2/../../../../avr/lib/avrxmega7\libm.a(fp_zero.o)
 .text          0x00000000        0x0 c:/program files (x86)/atmel/atmel toolchain/avr8 gcc/native/3.4.2.1002/avr8-gnu-toolchain/bin/../lib/gcc/avr/4.7.2/../../../../avr/lib/avrxmega7\libm.a(gesf2.o)
 .bss           0x00000000        0x0 c:/program files (x86)/atmel/atmel toolchain/avr8 gcc/native/3.4.2.1002/avr8-gnu-toolchain/bin/../lib/gcc/avr/4.7.2/../../../../avr/lib/avrxmega7\libm.a(gesf2.o)
 .text.avr-libc.fplib
                0x00000000        0x8 c:/program files (x86)/atmel/atmel toolchain/avr8 gcc/native/3.4.2.1002/avr8-gnu-toolchain/bin/../lib/gcc/avr/4.7.2/../../../../avr/lib/avrxmega7\libm.a(gesf2.o)
 .text          0x00000000        0x0 c:/program files (x86)/atmel/atmel toolchain/avr8 gcc/native/3.4.2.1002/avr8-gnu-toolchain/bin/../lib/gcc/avr/4.7.2/../../../../avr/lib/avrxmega7\libprintf_flt.a(vfprintf_flt.o)
 .bss           0x00000000        0x0 c:/program files (x86)/atmel/atmel toolchain/avr8 gcc/native/3.4.2.1002/avr8-gnu-toolchain/bin/../lib/gcc/avr/4.7.2/../../../../avr/lib/avrxmega7\libprintf_flt.a(vfprintf_flt.o)
 .text          0x00000000        0x0 c:/program files (x86)/atmel/atmel toolchain/avr8 gcc/native/3.4.2.1002/avr8-gnu-toolchain/bin/../lib/gcc/avr/4.7.2/avrxmega7\libgcc.a(_udivmodqi4.o)
 .bss           0x00000000        0x0 c:/program files (x86)/atmel/atmel toolchain/avr8 gcc/native/3.4.2.1002/avr8-gnu-toolchain/bin/../lib/gcc/avr/4.7.2/avrxmega7\libgcc.a(_udivmodqi4.o)
 .text.libgcc.mul
                0x00000000        0x0 c:/program files (x86)/atmel/atmel toolchain/avr8 gcc/native/3.4.2.1002/avr8-gnu-toolchain/bin/../lib/gcc/avr/4.7.2/avrxmega7\libgcc.a(_udivmodqi4.o)
 .text.libgcc.div
                0x00000000       0x18 c:/program files (x86)/atmel/atmel toolchain/avr8 gcc/native/3.4.2.1002/avr8-gnu-toolchain/bin/../lib/gcc/avr/4.7.2/avrxmega7\libgcc.a(_udivmodqi4.o)
 .text.libgcc   0x00000000        0x0 c:/program files (x86)/atmel/atmel toolchain/avr8 gcc/native/3.4.2.1002/avr8-gnu-toolchain/bin/../lib/gcc/avr/4.7.2/avrxmega7\libgcc.a(_udivmodqi4.o)
 .text.libgcc.prologue
                0x00000000        0x0 c:/program files (x86)/atmel/atmel toolchain/avr8 gcc/native/3.4.2.1002/avr8-gnu-toolchain/bin/../lib/gcc/avr/4.7.2/avrxmega7\libgcc.a(_udivmodqi4.o)
 .text.libgcc.builtins
                0x00000000        0x0 c:/program files (x86)/atmel/atmel toolchain/avr8 gcc/native/3.4.2.1002/avr8-gnu-toolchain/bin/../lib/gcc/avr/4.7.2/avrxmega7\libgcc.a(_udivmodqi4.o)
 .text.libgcc.fmul
                0x00000000        0x0 c:/program files (x86)/atmel/atmel toolchain/avr8 gcc/native/3.4.2.1002/avr8-gnu-toolchain/bin/../lib/gcc/avr/4.7.2/avrxmega7\libgcc.a(_udivmodqi4.o)
 .text          0x00000000        0x0 c:/program files (x86)/atmel/atmel toolchain/avr8 gcc/native/3.4.2.1002/avr8-gnu-toolchain/bin/../lib/gcc/avr/4.7.2/avrxmega7\libgcc.a(_udivmodhi4.o)
 .bss           0x00000000        0x0 c:/program files (x86)/atmel/atmel toolchain/avr8 gcc/native/3.4.2.1002/avr8-gnu-toolchain/bin/../lib/gcc/avr/4.7.2/avrxmega7\libgcc.a(_udivmodhi4.o)
 .text.libgcc.mul
                0x00000000        0x0 c:/program files (x86)/atmel/atmel toolchain/avr8 gcc/native/3.4.2.1002/avr8-gnu-toolchain/bin/../lib/gcc/avr/4.7.2/avrxmega7\libgcc.a(_udivmodhi4.o)
 .text.libgcc   0x00000000        0x0 c:/program files (x86)/atmel/atmel toolchain/avr8 gcc/native/3.4.2.1002/avr8-gnu-toolchain/bin/../lib/gcc/avr/4.7.2/avrxmega7\libgcc.a(_udivmodhi4.o)
 .text.libgcc.prologue
                0x00000000        0x0 c:/program files (x86)/atmel/atmel toolchain/avr8 gcc/native/3.4.2.1002/avr8-gnu-toolchain/bin/../lib/gcc/avr/4.7.2/avrxmega7\libgcc.a(_udivmodhi4.o)
 .text.libgcc.builtins
                0x00000000        0x0 c:/program files (x86)/atmel/atmel toolchain/avr8 gcc/native/3.4.2.1002/avr8-gnu-toolchain/bin/../lib/gcc/avr/4.7.2/avrxmega7\libgcc.a(_udivmodhi4.o)
 .text.libgcc.fmul
                0x00000000        0x0 c:/program files (x86)/atmel/atmel toolchain/avr8 gcc/native/3.4.2.1002/avr8-gnu-toolchain/bin/../lib/gcc/avr/4.7.2/avrxmega7\libgcc.a(_udivmodhi4.o)
 .text          0x00000000        0x0 c:/program files (x86)/atmel/atmel toolchain/avr8 gcc/native/3.4.2.1002/avr8-gnu-toolchain/bin/../lib/gcc/avr/4.7.2/avrxmega7\libgcc.a(_exit.o)
 .bss           0x00000000        0x0 c:/program files (x86)/atmel/atmel toolchain/avr8 gcc/native/3.4.2.1002/avr8-gnu-toolchain/bin/../lib/gcc/avr/4.7.2/avrxmega7\libgcc.a(_exit.o)
 .text.libgcc.mul
                0x00000000        0x0 c:/program files (x86)/atmel/atmel toolchain/avr8 gcc/native/3.4.2.1002/avr8-gnu-toolchain/bin/../lib/gcc/avr/4.7.2/avrxmega7\libgcc.a(_exit.o)
 .text.libgcc.div
                0x00000000        0x0 c:/program files (x86)/atmel/atmel toolchain/avr8 gcc/native/3.4.2.1002/avr8-gnu-toolchain/bin/../lib/gcc/avr/4.7.2/avrxmega7\libgcc.a(_exit.o)
 .text.libgcc   0x00000000        0x0 c:/program files (x86)/atmel/atmel toolchain/avr8 gcc/native/3.4.2.1002/avr8-gnu-toolchain/bin/../lib/gcc/avr/4.7.2/avrxmega7\libgcc.a(_exit.o)
 .text.libgcc.prologue
                0x00000000        0x0 c:/program files (x86)/atmel/atmel toolchain/avr8 gcc/native/3.4.2.1002/avr8-gnu-toolchain/bin/../lib/gcc/avr/4.7.2/avrxmega7\libgcc.a(_exit.o)
 .text.libgcc.builtins
                0x00000000        0x0 c:/program files (x86)/atmel/atmel toolchain/avr8 gcc/native/3.4.2.1002/avr8-gnu-toolchain/bin/../lib/gcc/avr/4.7.2/avrxmega7\libgcc.a(_exit.o)
 .text.libgcc.fmul
                0x00000000        0x0 c:/program files (x86)/atmel/atmel toolchain/avr8 gcc/native/3.4.2.1002/avr8-gnu-toolchain/bin/../lib/gcc/avr/4.7.2/avrxmega7\libgcc.a(_exit.o)
 .text          0x00000000        0x0 c:/program files (x86)/atmel/atmel toolchain/avr8 gcc/native/3.4.2.1002/avr8-gnu-toolchain/bin/../lib/gcc/avr/4.7.2/avrxmega7\libgcc.a(_copy_data.o)
 .bss           0x00000000        0x0 c:/program files (x86)/atmel/atmel toolchain/avr8 gcc/native/3.4.2.1002/avr8-gnu-toolchain/bin/../lib/gcc/avr/4.7.2/avrxmega7\libgcc.a(_copy_data.o)
 .text.libgcc.mul
                0x00000000        0x0 c:/program files (x86)/atmel/atmel toolchain/avr8 gcc/native/3.4.2.1002/avr8-gnu-toolchain/bin/../lib/gcc/avr/4.7.2/avrxmega7\libgcc.a(_copy_data.o)
 .text.libgcc.div
                0x00000000        0x0 c:/program files (x86)/atmel/atmel toolchain/avr8 gcc/native/3.4.2.1002/avr8-gnu-toolchain/bin/../lib/gcc/avr/4.7.2/avrxmega7\libgcc.a(_copy_data.o)
 .text.libgcc   0x00000000        0x0 c:/program files (x86)/atmel/atmel toolchain/avr8 gcc/native/3.4.2.1002/avr8-gnu-toolchain/bin/../lib/gcc/avr/4.7.2/avrxmega7\libgcc.a(_copy_data.o)
 .text.libgcc.prologue
                0x00000000        0x0 c:/program files (x86)/atmel/atmel toolchain/avr8 gcc/native/3.4.2.1002/avr8-gnu-toolchain/bin/../lib/gcc/avr/4.7.2/avrxmega7\libgcc.a(_copy_data.o)
 .text.libgcc.builtins
                0x00000000        0x0 c:/program files (x86)/atmel/atmel toolchain/avr8 gcc/native/3.4.2.1002/avr8-gnu-toolchain/bin/../lib/gcc/avr/4.7.2/avrxmega7\libgcc.a(_copy_data.o)
 .text.libgcc.fmul
                0x00000000        0x0 c:/program files (x86)/atmel/atmel toolchain/avr8 gcc/native/3.4.2.1002/avr8-gnu-toolchain/bin/../lib/gcc/avr/4.7.2/avrxmega7\libgcc.a(_copy_data.o)
 .text          0x00000000        0x0 c:/program files (x86)/atmel/atmel toolchain/avr8 gcc/native/3.4.2.1002/avr8-gnu-toolchain/bin/../lib/gcc/avr/4.7.2/avrxmega7\libgcc.a(_clear_bss.o)
 .bss           0x00000000        0x0 c:/program files (x86)/atmel/atmel toolchain/avr8 gcc/native/3.4.2.1002/avr8-gnu-toolchain/bin/../lib/gcc/avr/4.7.2/avrxmega7\libgcc.a(_clear_bss.o)
 .text.libgcc.mul
                0x00000000        0x0 c:/program files (x86)/atmel/atmel toolchain/avr8 gcc/native/3.4.2.1002/avr8-gnu-toolchain/bin/../lib/gcc/avr/4.7.2/avrxmega7\libgcc.a(_clear_bss.o)
 .text.libgcc.div
                0x00000000        0x0 c:/program files (x86)/atmel/atmel toolchain/avr8 gcc/native/3.4.2.1002/avr8-gnu-toolchain/bin/../lib/gcc/avr/4.7.2/avrxmega7\libgcc.a(_clear_bss.o)
 .text.libgcc   0x00000000        0x0 c:/program files (x86)/atmel/atmel toolchain/avr8 gcc/native/3.4.2.1002/avr8-gnu-toolchain/bin/../lib/gcc/avr/4.7.2/avrxmega7\libgcc.a(_clear_bss.o)
 .text.libgcc.prologue
                0x00000000        0x0 c:/program files (x86)/atmel/atmel toolchain/avr8 gcc/native/3.4.2.1002/avr8-gnu-toolchain/bin/../lib/gcc/avr/4.7.2/avrxmega7\libgcc.a(_clear_bss.o)
 .text.libgcc.builtins
                0x00000000        0x0 c:/program files (x86)/atmel/atmel toolchain/avr8 gcc/native/3.4.2.1002/avr8-gnu-toolchain/bin/../lib/gcc/avr/4.7.2/avrxmega7\libgcc.a(_clear_bss.o)
 .text.libgcc.fmul
                0x00000000        0x0 c:/program files (x86)/atmel/atmel toolchain/avr8 gcc/native/3.4.2.1002/avr8-gnu-toolchain/bin/../lib/gcc/avr/4.7.2/avrxmega7\libgcc.a(_clear_bss.o)
 .text          0x00000000        0x0 c:/program files (x86)/atmel/atmel toolchain/avr8 gcc/native/3.4.2.1002/avr8-gnu-toolchain/bin/../lib/gcc/avr/4.7.2/../../../../avr/lib/avrxmega7\libc.a(ftoa_engine.o)
 .bss           0x00000000        0x0 c:/program files (x86)/atmel/atmel toolchain/avr8 gcc/native/3.4.2.1002/avr8-gnu-toolchain/bin/../lib/gcc/avr/4.7.2/../../../../avr/lib/avrxmega7\libc.a(ftoa_engine.o)
 .text          0x00000000        0x0 c:/program files (x86)/atmel/atmel toolchain/avr8 gcc/native/3.4.2.1002/avr8-gnu-toolchain/bin/../lib/gcc/avr/4.7.2/../../../../avr/lib/avrxmega7\libc.a(strnlen_P.o)
 .bss           0x00000000        0x0 c:/program files (x86)/atmel/atmel toolchain/avr8 gcc/native/3.4.2.1002/avr8-gnu-toolchain/bin/../lib/gcc/avr/4.7.2/../../../../avr/lib/avrxmega7\libc.a(strnlen_P.o)
 .text          0x00000000        0x0 c:/program files (x86)/atmel/atmel toolchain/avr8 gcc/native/3.4.2.1002/avr8-gnu-toolchain/bin/../lib/gcc/avr/4.7.2/../../../../avr/lib/avrxmega7\libc.a(strnlen.o)
 .bss           0x00000000        0x0 c:/program files (x86)/atmel/atmel toolchain/avr8 gcc/native/3.4.2.1002/avr8-gnu-toolchain/bin/../lib/gcc/avr/4.7.2/../../../../avr/lib/avrxmega7\libc.a(strnlen.o)
 .text          0x00000000        0x0 c:/program files (x86)/atmel/atmel toolchain/avr8 gcc/native/3.4.2.1002/avr8-gnu-toolchain/bin/../lib/gcc/avr/4.7.2/../../../../avr/lib/avrxmega7\libc.a(fputc.o)
 .bss           0x00000000        0x0 c:/program files (x86)/atmel/atmel toolchain/avr8 gcc/native/3.4.2.1002/avr8-gnu-toolchain/bin/../lib/gcc/avr/4.7.2/../../../../avr/lib/avrxmega7\libc.a(fputc.o)
 .text          0x00000000        0x0 c:/program files (x86)/atmel/atmel toolchain/avr8 gcc/native/3.4.2.1002/avr8-gnu-toolchain/bin/../lib/gcc/avr/4.7.2/../../../../avr/lib/avrxmega7\libc.a(ultoa_invert.o)
 .bss           0x00000000        0x0 c:/program files (x86)/atmel/atmel toolchain/avr8 gcc/native/3.4.2.1002/avr8-gnu-toolchain/bin/../lib/gcc/avr/4.7.2/../../../../avr/lib/avrxmega7\libc.a(ultoa_invert.o)

Memory Configuration

Name             Origin             Length             Attributes
text             0x00000000         0x00100000         xr
data             0x00802000         0x0000ffa0         rw !x
eeprom           0x00810000         0x00010000         rw !x
fuse             0x00820000         0x00000400         rw !x
lock             0x00830000         0x00000400         rw !x
signature        0x00840000         0x00000400         rw !x
user_signatures  0x00850000         0x00000400         rw !x
*default*        0x00000000         0xffffffff

Linker script and memory map

LOAD c:/program files (x86)/atmel/atmel toolchain/avr8 gcc/native/3.4.2.1002/avr8-gnu-toolchain/bin/../lib/gcc/avr/4.7.2/../../../../avr/lib/avrxmega7/crtx128a1u.o
LOAD adc.o
LOAD ATtinyServo.o
LOAD clock.o
LOAD lcd.o
LOAD main.o
LOAD motor.o
LOAD renameMe.o
LOAD RTC.o
LOAD uart.o
LOAD utility.o
START GROUP
LOAD c:/program files (x86)/atmel/atmel toolchain/avr8 gcc/native/3.4.2.1002/avr8-gnu-toolchain/bin/../lib/gcc/avr/4.7.2/../../../../avr/lib/avrxmega7\libm.a
END GROUP
LOAD c:/program files (x86)/atmel/atmel toolchain/avr8 gcc/native/3.4.2.1002/avr8-gnu-toolchain/bin/../lib/gcc/avr/4.7.2/../../../../avr/lib/avrxmega7\libprintf_flt.a
LOAD c:/program files (x86)/atmel/atmel toolchain/avr8 gcc/native/3.4.2.1002/avr8-gnu-toolchain/bin/../lib/gcc/avr/4.7.2/../../../../avr/lib/avrxmega7\libm.a
LOAD c:/program files (x86)/atmel/atmel toolchain/avr8 gcc/native/3.4.2.1002/avr8-gnu-toolchain/bin/../lib/gcc/avr/4.7.2/avrxmega7\libgcc.a
LOAD c:/program files (x86)/atmel/atmel toolchain/avr8 gcc/native/3.4.2.1002/avr8-gnu-toolchain/bin/../lib/gcc/avr/4.7.2/../../../../avr/lib/avrxmega7\libc.a
LOAD c:/program files (x86)/atmel/atmel toolchain/avr8 gcc/native/3.4.2.1002/avr8-gnu-toolchain/bin/../lib/gcc/avr/4.7.2/avrxmega7\libgcc.a

.hash
 *(.hash)

.dynsym
 *(.dynsym)

.dynstr
 *(.dynstr)

.gnu.version
 *(.gnu.version)

.gnu.version_d
 *(.gnu.version_d)

.gnu.version_r
 *(.gnu.version_r)

.rel.init
 *(.rel.init)

.rela.init
 *(.rela.init)

.rel.text
 *(.rel.text)
 *(.rel.text.*)
 *(.rel.gnu.linkonce.t*)

.rela.text
 *(.rela.text)
 *(.rela.text.*)
 *(.rela.gnu.linkonce.t*)

.rel.fini
 *(.rel.fini)

.rela.fini
 *(.rela.fini)

.rel.rodata
 *(.rel.rodata)
 *(.rel.rodata.*)
 *(.rel.gnu.linkonce.r*)

.rela.rodata
 *(.rela.rodata)
 *(.rela.rodata.*)
 *(.rela.gnu.linkonce.r*)

.rel.data
 *(.rel.data)
 *(.rel.data.*)
 *(.rel.gnu.linkonce.d*)

.rela.data
 *(.rela.data)
 *(.rela.data.*)
 *(.rela.gnu.linkonce.d*)

.rel.ctors
 *(.rel.ctors)

.rela.ctors
 *(.rela.ctors)

.rel.dtors
 *(.rel.dtors)

.rela.dtors
 *(.rela.dtors)

.rel.got
 *(.rel.got)

.rela.got
 *(.rela.got)

.rel.bss
 *(.rel.bss)

.rela.bss
 *(.rela.bss)

.rel.plt
 *(.rel.plt)

.rela.plt
 *(.rela.plt)

.text           0x00000000     0x225c
 *(.vectors)
 .vectors       0x00000000      0x1fc c:/program files (x86)/atmel/atmel toolchain/avr8 gcc/native/3.4.2.1002/avr8-gnu-toolchain/bin/../lib/gcc/avr/4.7.2/../../../../avr/lib/avrxmega7/crtx128a1u.o
                0x00000000                __vector_default
                0x00000000                __vectors
 *(.vectors)
 *(.progmem.gcc*)
 *(.progmem*)
 .progmem.data  0x000001fc        0x8 c:/program files (x86)/atmel/atmel toolchain/avr8 gcc/native/3.4.2.1002/avr8-gnu-toolchain/bin/../lib/gcc/avr/4.7.2/../../../../avr/lib/avrxmega7\libprintf_flt.a(vfprintf_flt.o)
 .progmem.data  0x00000204       0xfa c:/program files (x86)/atmel/atmel toolchain/avr8 gcc/native/3.4.2.1002/avr8-gnu-toolchain/bin/../lib/gcc/avr/4.7.2/../../../../avr/lib/avrxmega7\libc.a(ftoa_engine.o)
                0x000002fe                . = ALIGN (0x2)
                0x000002fe                __trampolines_start = .
 *(.trampolines)
 .trampolines   0x000002fe        0x0 linker stubs
 *(.trampolines*)
                0x000002fe                __trampolines_end = .
 *(.jumptables)
 *(.jumptables*)
 *(.lowtext)
 *(.lowtext*)
                0x000002fe                __ctors_start = .
 *(.ctors)
                0x000002fe                __ctors_end = .
                0x000002fe                __dtors_start = .
 *(.dtors)
                0x000002fe                __dtors_end = .
 SORT(*)(.ctors)
 SORT(*)(.dtors)
 *(.init0)
 .init0         0x000002fe        0x0 c:/program files (x86)/atmel/atmel toolchain/avr8 gcc/native/3.4.2.1002/avr8-gnu-toolchain/bin/../lib/gcc/avr/4.7.2/../../../../avr/lib/avrxmega7/crtx128a1u.o
                0x000002fe                __init
 *(.init0)
 *(.init1)
 *(.init1)
 *(.init2)
 .init2         0x000002fe       0x18 c:/program files (x86)/atmel/atmel toolchain/avr8 gcc/native/3.4.2.1002/avr8-gnu-toolchain/bin/../lib/gcc/avr/4.7.2/../../../../avr/lib/avrxmega7/crtx128a1u.o
 *(.init2)
 *(.init3)
 *(.init3)
 *(.init4)
 .init4         0x00000316       0x1c c:/program files (x86)/atmel/atmel toolchain/avr8 gcc/native/3.4.2.1002/avr8-gnu-toolchain/bin/../lib/gcc/avr/4.7.2/avrxmega7\libgcc.a(_copy_data.o)
                0x00000316                __do_copy_data
 .init4         0x00000332       0x10 c:/program files (x86)/atmel/atmel toolchain/avr8 gcc/native/3.4.2.1002/avr8-gnu-toolchain/bin/../lib/gcc/avr/4.7.2/avrxmega7\libgcc.a(_clear_bss.o)
                0x00000332                __do_clear_bss
 *(.init4)
 *(.init5)
 *(.init5)
 *(.init6)
 *(.init6)
 *(.init7)
 *(.init7)
 *(.init8)
 *(.init8)
 *(.init9)
 .init9         0x00000342        0x6 c:/program files (x86)/atmel/atmel toolchain/avr8 gcc/native/3.4.2.1002/avr8-gnu-toolchain/bin/../lib/gcc/avr/4.7.2/../../../../avr/lib/avrxmega7/crtx128a1u.o
 *(.init9)
 *(.text)
 .text          0x00000348        0x2 c:/program files (x86)/atmel/atmel toolchain/avr8 gcc/native/3.4.2.1002/avr8-gnu-toolchain/bin/../lib/gcc/avr/4.7.2/../../../../avr/lib/avrxmega7/crtx128a1u.o
                0x00000348                __vector_38
                0x00000348                __vector_104
                0x00000348                __vector_22
                0x00000348                __vector_63
                0x00000348                __vector_67
                0x00000348                __vector_1
                0x00000348                __vector_32
                0x00000348                __vector_75
                0x00000348                __vector_34
                0x00000348                __vector_77
                0x00000348                __vector_102
                0x00000348                __vector_24
                0x00000348                __vector_12
                0x00000348                __vector_55
                0x00000348                __vector_69
                0x00000348                __vector_81
                0x00000348                __vector_90
                0x00000348                __vector_46
                0x00000348                __bad_interrupt
                0x00000348                __vector_114
                0x00000348                __vector_6
                0x00000348                __vector_110
                0x00000348                __vector_31
                0x00000348                __vector_35
                0x00000348                __vector_78
                0x00000348                __vector_117
                0x00000348                __vector_107
                0x00000348                __vector_3
                0x00000348                __vector_105
                0x00000348                __vector_98
                0x00000348                __vector_23
                0x00000348                __vector_68
                0x00000348                __vector_30
                0x00000348                __vector_45
                0x00000348                __vector_93
                0x00000348                __vector_11
                0x00000348                __vector_54
                0x00000348                __vector_99
                0x00000348                __vector_13
                0x00000348                __vector_17
                0x00000348                __vector_19
                0x00000348                __vector_56
                0x00000348                __vector_7
                0x00000348                __vector_125
                0x00000348                __vector_49
                0x00000348                __vector_86
                0x00000348                __vector_100
                0x00000348                __vector_101
                0x00000348                __vector_64
                0x00000348                __vector_109
                0x00000348                __vector_27
                0x00000348                __vector_5
                0x00000348                __vector_113
                0x00000348                __vector_33
                0x00000348                __vector_76
                0x00000348                __vector_115
                0x00000348                __vector_47
                0x00000348                __vector_52
                0x00000348                __vector_37
                0x00000348                __vector_95
                0x00000348                __vector_103
                0x00000348                __vector_96
                0x00000348                __vector_108
                0x00000348                __vector_4
                0x00000348                __vector_44
                0x00000348                __vector_82
                0x00000348                __vector_106
                0x00000348                __vector_118
                0x00000348                __vector_51
                0x00000348                __vector_9
                0x00000348                __vector_2
                0x00000348                __vector_21
                0x00000348                __vector_15
                0x00000348                __vector_66
                0x00000348                __vector_36
                0x00000348                __vector_79
                0x00000348                __vector_58
                0x00000348                __vector_70
                0x00000348                __vector_83
                0x00000348                __vector_60
                0x00000348                __vector_121
                0x00000348                __vector_85
                0x00000348                __vector_94
                0x00000348                __vector_126
                0x00000348                __vector_8
                0x00000348                __vector_48
                0x00000348                __vector_124
                0x00000348                __vector_116
                0x00000348                __vector_112
                0x00000348                __vector_111
                0x00000348                __vector_80
                0x00000348                __vector_14
                0x00000348                __vector_84
                0x00000348                __vector_57
                0x00000348                __vector_10
                0x00000348                __vector_50
                0x00000348                __vector_16
                0x00000348                __vector_59
                0x00000348                __vector_18
                0x00000348                __vector_97
                0x00000348                __vector_20
                0x00000348                __vector_87
                0x00000348                __vector_65
                0x0000034a                . = ALIGN (0x2)
 *(.text.*)
 .text.adcInit  0x0000034a       0xb6 adc.o
                0x0000034a                adcInit
 .text.__vector_71
                0x00000400       0x8c adc.o
                0x00000400                __vector_71
 .text.__vector_72
                0x0000048c       0x8c adc.o
                0x0000048c                __vector_72
 .text.__vector_73
                0x00000518       0x8c adc.o
                0x00000518                __vector_73
 .text.__vector_74
                0x000005a4       0x8c adc.o
                0x000005a4                __vector_74
 .text.__vector_39
                0x00000630       0x8c adc.o
                0x00000630                __vector_39
 .text.__vector_40
                0x000006bc       0x8c adc.o
                0x000006bc                __vector_40
 .text.__vector_41
                0x00000748       0x8c adc.o
                0x00000748                __vector_41
 .text.__vector_42
                0x000007d4       0x8c adc.o
                0x000007d4                __vector_42
 .text.ATtinyServoInit
                0x00000860       0xb4 ATtinyServo.o
                0x00000860                ATtinyServoInit
 .text.servo_getchar
                0x00000914       0x52 ATtinyServo.o
                0x00000914                servo_getchar
 .text.storeServo
                0x00000966       0x36 ATtinyServo.o
                0x00000966                storeServo
 .text.dataInServoBuffer
                0x0000099c       0x1c ATtinyServo.o
                0x0000099c                dataInServoBuffer
 .text.__vector_43
                0x000009b8       0x72 ATtinyServo.o
                0x000009b8                __vector_43
 .text.__vector_53
                0x00000a2a       0xf2 ATtinyServo.o
                0x00000a2a                __vector_53
 .text.setServoAngle
                0x00000b1c       0x60 ATtinyServo.o
                0x00000b1c                setServoAngle
 .text.clockInit
                0x00000b7c       0x58 clock.o
                0x00000b7c                clockInit
 .text.startup.main
                0x00000bd4        0x6 main.o
                0x00000bd4                main
 .text.setup    0x00000bda       0x1a renameMe.o
                0x00000bda                setup
 .text.loop     0x00000bf4       0x60 renameMe.o
                0x00000bf4                loop
 .text.RTC_Delay_ms
                0x00000c54       0x34 RTC.o
                0x00000c54                RTC_Delay_ms
 .text.RTC_DelayInit
                0x00000c88       0x26 RTC.o
                0x00000c88                RTC_DelayInit
 .text.bufferRead
                0x00000cae       0x24 uart.o
                0x00000cae                bufferRead
 .text.bufferWrite
                0x00000cd2       0x24 uart.o
                0x00000cd2                bufferWrite
 .text.__vector_25
                0x00000cf6       0x6c uart.o
                0x00000cf6                __vector_25
 .text.__vector_28
                0x00000d62       0x6c uart.o
                0x00000d62                __vector_28
 .text.__vector_88
                0x00000dce       0x6c uart.o
                0x00000dce                __vector_88
 .text.__vector_91
                0x00000e3a       0x6c uart.o
                0x00000e3a                __vector_91
 .text.__vector_61
                0x00000ea6       0x6c uart.o
                0x00000ea6                __vector_61
 .text.__vector_119
                0x00000f12       0x6c uart.o
                0x00000f12                __vector_119
 .text.__vector_122
                0x00000f7e       0x6c uart.o
                0x00000f7e                __vector_122
 .text.__vector_26
                0x00000fea       0x98 uart.o
                0x00000fea                __vector_26
 .text.__vector_29
                0x00001082       0x98 uart.o
                0x00001082                __vector_29
 .text.__vector_89
                0x0000111a       0x98 uart.o
                0x0000111a                __vector_89
 .text.__vector_92
                0x000011b2       0x98 uart.o
                0x000011b2                __vector_92
 .text.__vector_62
                0x0000124a       0x98 uart.o
                0x0000124a                __vector_62
 .text.__vector_120
                0x000012e2       0x98 uart.o
                0x000012e2                __vector_120
 .text.__vector_123
                0x0000137a       0x98 uart.o
                0x0000137a                __vector_123
 .text.usartInit
                0x00001412      0x1ce uart.o
                0x00001412                usartInit
 .text.ReadCalibrationByte
                0x000015e0       0x12 utility.o
                0x000015e0                ReadCalibrationByte
 .text.avr-libc.fplib
                0x000015f2        0xa c:/program files (x86)/atmel/atmel toolchain/avr8 gcc/native/3.4.2.1002/avr8-gnu-toolchain/bin/../lib/gcc/avr/4.7.2/../../../../avr/lib/avrxmega7\libm.a(addsf3.o)
                0x000015f2                __subsf3
                0x000015f4                __addsf3
 .text.avr-libc.fplib
                0x000015fc       0xc0 c:/program files (x86)/atmel/atmel toolchain/avr8 gcc/native/3.4.2.1002/avr8-gnu-toolchain/bin/../lib/gcc/avr/4.7.2/../../../../avr/lib/avrxmega7\libm.a(addsf3x.o)
                0x00001616                __addsf3x
 .text.avr-libc.fplib
                0x000016bc       0x58 c:/program files (x86)/atmel/atmel toolchain/avr8 gcc/native/3.4.2.1002/avr8-gnu-toolchain/bin/../lib/gcc/avr/4.7.2/../../../../avr/lib/avrxmega7\libm.a(fixunssfsi.o)
                0x000016bc                __fixunssfsi
 .text.avr-libc.fplib
                0x00001714       0x7a c:/program files (x86)/atmel/atmel toolchain/avr8 gcc/native/3.4.2.1002/avr8-gnu-toolchain/bin/../lib/gcc/avr/4.7.2/../../../../avr/lib/avrxmega7\libm.a(floatsisf.o)
                0x00001714                __floatunsisf
                0x00001718                __floatsisf
 .text.avr-libc.fplib
                0x0000178e        0xc c:/program files (x86)/atmel/atmel toolchain/avr8 gcc/native/3.4.2.1002/avr8-gnu-toolchain/bin/../lib/gcc/avr/4.7.2/../../../../avr/lib/avrxmega7\libm.a(fp_inf.o)
                0x0000178e                __fp_inf
 .text.avr-libc.fplib
                0x0000179a        0x6 c:/program files (x86)/atmel/atmel toolchain/avr8 gcc/native/3.4.2.1002/avr8-gnu-toolchain/bin/../lib/gcc/avr/4.7.2/../../../../avr/lib/avrxmega7\libm.a(fp_nan.o)
                0x0000179a                __fp_nan
 .text.avr-libc.fplib
                0x000017a0        0xe c:/program files (x86)/atmel/atmel toolchain/avr8 gcc/native/3.4.2.1002/avr8-gnu-toolchain/bin/../lib/gcc/avr/4.7.2/../../../../avr/lib/avrxmega7\libm.a(fp_pscA.o)
                0x000017a0                __fp_pscA
 .text.avr-libc.fplib
                0x000017ae        0xe c:/program files (x86)/atmel/atmel toolchain/avr8 gcc/native/3.4.2.1002/avr8-gnu-toolchain/bin/../lib/gcc/avr/4.7.2/../../../../avr/lib/avrxmega7\libm.a(fp_pscB.o)
                0x000017ae                __fp_pscB
 .text.avr-libc.fplib
                0x000017bc       0x22 c:/program files (x86)/atmel/atmel toolchain/avr8 gcc/native/3.4.2.1002/avr8-gnu-toolchain/bin/../lib/gcc/avr/4.7.2/../../../../avr/lib/avrxmega7\libm.a(fp_round.o)
                0x000017bc                __fp_round
 .text.avr-libc.fplib
                0x000017de       0x44 c:/program files (x86)/atmel/atmel toolchain/avr8 gcc/native/3.4.2.1002/avr8-gnu-toolchain/bin/../lib/gcc/avr/4.7.2/../../../../avr/lib/avrxmega7\libm.a(fp_split3.o)
                0x000017de                __fp_split3
                0x000017ee                __fp_splitA
 .text.avr-libc.fplib
                0x00001822        0xe c:/program files (x86)/atmel/atmel toolchain/avr8 gcc/native/3.4.2.1002/avr8-gnu-toolchain/bin/../lib/gcc/avr/4.7.2/../../../../avr/lib/avrxmega7\libm.a(fp_zero.o)
                0x00001822                __fp_zero
                0x00001824                __fp_szero
 .text.avr-libc
                0x00001830      0x710 c:/program files (x86)/atmel/atmel toolchain/avr8 gcc/native/3.4.2.1002/avr8-gnu-toolchain/bin/../lib/gcc/avr/4.7.2/../../../../avr/lib/avrxmega7\libprintf_flt.a(vfprintf_flt.o)
                0x00001830                vfprintf
 .text.libgcc.div
                0x00001f40       0x28 c:/program files (x86)/atmel/atmel toolchain/avr8 gcc/native/3.4.2.1002/avr8-gnu-toolchain/bin/../lib/gcc/avr/4.7.2/avrxmega7\libgcc.a(_udivmodhi4.o)
                0x00001f40                __udivmodhi4
 .text.avr-libc
                0x00001f68      0x1b0 c:/program files (x86)/atmel/atmel toolchain/avr8 gcc/native/3.4.2.1002/avr8-gnu-toolchain/bin/../lib/gcc/avr/4.7.2/../../../../avr/lib/avrxmega7\libc.a(ftoa_engine.o)
                0x00001f68                __ftoa_engine
 .text.avr-libc
                0x00002118       0x16 c:/program files (x86)/atmel/atmel toolchain/avr8 gcc/native/3.4.2.1002/avr8-gnu-toolchain/bin/../lib/gcc/avr/4.7.2/../../../../avr/lib/avrxmega7\libc.a(strnlen_P.o)
                0x00002118                strnlen_P
 .text.avr-libc
                0x0000212e       0x16 c:/program files (x86)/atmel/atmel toolchain/avr8 gcc/native/3.4.2.1002/avr8-gnu-toolchain/bin/../lib/gcc/avr/4.7.2/../../../../avr/lib/avrxmega7\libc.a(strnlen.o)
                0x0000212e                strnlen
 .text.avr-libc
                0x00002144       0x58 c:/program files (x86)/atmel/atmel toolchain/avr8 gcc/native/3.4.2.1002/avr8-gnu-toolchain/bin/../lib/gcc/avr/4.7.2/../../../../avr/lib/avrxmega7\libc.a(fputc.o)
                0x00002144                fputc
 .text.avr-libc
                0x0000219c       0xbc c:/program files (x86)/atmel/atmel toolchain/avr8 gcc/native/3.4.2.1002/avr8-gnu-toolchain/bin/../lib/gcc/avr/4.7.2/../../../../avr/lib/avrxmega7\libc.a(ultoa_invert.o)
                0x0000219c                __ultoa_invert
                0x00002258                . = ALIGN (0x2)
 *(.fini9)
 .fini9         0x00002258        0x0 c:/program files (x86)/atmel/atmel toolchain/avr8 gcc/native/3.4.2.1002/avr8-gnu-toolchain/bin/../lib/gcc/avr/4.7.2/avrxmega7\libgcc.a(_exit.o)
                0x00002258                _exit
                0x00002258                exit
 *(.fini9)
 *(.fini8)
 *(.fini8)
 *(.fini7)
 *(.fini7)
 *(.fini6)
 *(.fini6)
 *(.fini5)
 *(.fini5)
 *(.fini4)
 *(.fini4)
 *(.fini3)
 *(.fini3)
 *(.fini2)
 *(.fini2)
 *(.fini1)
 *(.fini1)
 *(.fini0)
 .fini0         0x00002258        0x4 c:/program files (x86)/atmel/atmel toolchain/avr8 gcc/native/3.4.2.1002/avr8-gnu-toolchain/bin/../lib/gcc/avr/4.7.2/avrxmega7\libgcc.a(_exit.o)
 *(.fini0)
                0x0000225c                _etext = .

.data           0x00802000      0x3f0 load address 0x0000225c
                0x00802000                PROVIDE (__data_start, .)
 *(.data)
 .data          0x00802000        0x0 c:/program files (x86)/atmel/atmel toolchain/avr8 gcc/native/3.4.2.1002/avr8-gnu-toolchain/bin/../lib/gcc/avr/4.7.2/../../../../avr/lib/avrxmega7/crtx128a1u.o
 .data          0x00802000        0x0 adc.o
 .data          0x00802000        0x0 ATtinyServo.o
 .data          0x00802000        0x0 clock.o
 .data          0x00802000        0x0 lcd.o
 .data          0x00802000        0x0 main.o
 .data          0x00802000        0x0 motor.o
 .data          0x00802000        0x0 renameMe.o
 .data          0x00802000        0x0 RTC.o
 .data          0x00802000        0x0 uart.o
 .data          0x00802000        0x0 utility.o
 .data          0x00802000        0x0 c:/program files (x86)/atmel/atmel toolchain/avr8 gcc/native/3.4.2.1002/avr8-gnu-toolchain/bin/../lib/gcc/avr/4.7.2/../../../../avr/lib/avrxmega7\libm.a(addsf3.o)
 .data          0x00802000        0x0 c:/program files (x86)/atmel/atmel toolchain/avr8 gcc/native/3.4.2.1002/avr8-gnu-toolchain/bin/../lib/gcc/avr/4.7.2/../../../../avr/lib/avrxmega7\libm.a(addsf3x.o)
 .data          0x00802000        0x0 c:/program files (x86)/atmel/atmel toolchain/avr8 gcc/native/3.4.2.1002/avr8-gnu-toolchain/bin/../lib/gcc/avr/4.7.2/../../../../avr/lib/avrxmega7\libm.a(cmpsf2.o)
 .data          0x00802000        0x0 c:/program files (x86)/atmel/atmel toolchain/avr8 gcc/native/3.4.2.1002/avr8-gnu-toolchain/bin/../lib/gcc/avr/4.7.2/../../../../avr/lib/avrxmega7\libm.a(fixunssfsi.o)
 .data          0x00802000        0x0 c:/program files (x86)/atmel/atmel toolchain/avr8 gcc/native/3.4.2.1002/avr8-gnu-toolchain/bin/../lib/gcc/avr/4.7.2/../../../../avr/lib/avrxmega7\libm.a(floatsisf.o)
 .data          0x00802000        0x0 c:/program files (x86)/atmel/atmel toolchain/avr8 gcc/native/3.4.2.1002/avr8-gnu-toolchain/bin/../lib/gcc/avr/4.7.2/../../../../avr/lib/avrxmega7\libm.a(fp_cmp.o)
 .data          0x00802000        0x0 c:/program files (x86)/atmel/atmel toolchain/avr8 gcc/native/3.4.2.1002/avr8-gnu-toolchain/bin/../lib/gcc/avr/4.7.2/../../../../avr/lib/avrxmega7\libm.a(fp_inf.o)
 .data          0x00802000        0x0 c:/program files (x86)/atmel/atmel toolchain/avr8 gcc/native/3.4.2.1002/avr8-gnu-toolchain/bin/../lib/gcc/avr/4.7.2/../../../../avr/lib/avrxmega7\libm.a(fp_nan.o)
 .data          0x00802000        0x0 c:/program files (x86)/atmel/atmel toolchain/avr8 gcc/native/3.4.2.1002/avr8-gnu-toolchain/bin/../lib/gcc/avr/4.7.2/../../../../avr/lib/avrxmega7\libm.a(fp_pscA.o)
 .data          0x00802000        0x0 c:/program files (x86)/atmel/atmel toolchain/avr8 gcc/native/3.4.2.1002/avr8-gnu-toolchain/bin/../lib/gcc/avr/4.7.2/../../../../avr/lib/avrxmega7\libm.a(fp_pscB.o)
 .data          0x00802000        0x0 c:/program files (x86)/atmel/atmel toolchain/avr8 gcc/native/3.4.2.1002/avr8-gnu-toolchain/bin/../lib/gcc/avr/4.7.2/../../../../avr/lib/avrxmega7\libm.a(fp_round.o)
 .data          0x00802000        0x0 c:/program files (x86)/atmel/atmel toolchain/avr8 gcc/native/3.4.2.1002/avr8-gnu-toolchain/bin/../lib/gcc/avr/4.7.2/../../../../avr/lib/avrxmega7\libm.a(fp_split3.o)
 .data          0x00802000        0x0 c:/program files (x86)/atmel/atmel toolchain/avr8 gcc/native/3.4.2.1002/avr8-gnu-toolchain/bin/../lib/gcc/avr/4.7.2/../../../../avr/lib/avrxmega7\libm.a(fp_zero.o)
 .data          0x00802000        0x0 c:/program files (x86)/atmel/atmel toolchain/avr8 gcc/native/3.4.2.1002/avr8-gnu-toolchain/bin/../lib/gcc/avr/4.7.2/../../../../avr/lib/avrxmega7\libm.a(gesf2.o)
 .data          0x00802000        0x0 c:/program files (x86)/atmel/atmel toolchain/avr8 gcc/native/3.4.2.1002/avr8-gnu-toolchain/bin/../lib/gcc/avr/4.7.2/../../../../avr/lib/avrxmega7\libprintf_flt.a(vfprintf_flt.o)
 .data          0x00802000        0x0 c:/program files (x86)/atmel/atmel toolchain/avr8 gcc/native/3.4.2.1002/avr8-gnu-toolchain/bin/../lib/gcc/avr/4.7.2/avrxmega7\libgcc.a(_udivmodqi4.o)
 .data          0x00802000        0x0 c:/program files (x86)/atmel/atmel toolchain/avr8 gcc/native/3.4.2.1002/avr8-gnu-toolchain/bin/../lib/gcc/avr/4.7.2/avrxmega7\libgcc.a(_udivmodhi4.o)
 .data          0x00802000        0x0 c:/program files (x86)/atmel/atmel toolchain/avr8 gcc/native/3.4.2.1002/avr8-gnu-toolchain/bin/../lib/gcc/avr/4.7.2/avrxmega7\libgcc.a(_exit.o)
 .data          0x00802000        0x0 c:/program files (x86)/atmel/atmel toolchain/avr8 gcc/native/3.4.2.1002/avr8-gnu-toolchain/bin/../lib/gcc/avr/4.7.2/avrxmega7\libgcc.a(_copy_data.o)
 .data          0x00802000        0x0 c:/program files (x86)/atmel/atmel toolchain/avr8 gcc/native/3.4.2.1002/avr8-gnu-toolchain/bin/../lib/gcc/avr/4.7.2/avrxmega7\libgcc.a(_clear_bss.o)
 .data          0x00802000        0x0 c:/program files (x86)/atmel/atmel toolchain/avr8 gcc/native/3.4.2.1002/avr8-gnu-toolchain/bin/../lib/gcc/avr/4.7.2/../../../../avr/lib/avrxmega7\libc.a(ftoa_engine.o)
 .data          0x00802000        0x0 c:/program files (x86)/atmel/atmel toolchain/avr8 gcc/native/3.4.2.1002/avr8-gnu-toolchain/bin/../lib/gcc/avr/4.7.2/../../../../avr/lib/avrxmega7\libc.a(strnlen_P.o)
 .data          0x00802000        0x0 c:/program files (x86)/atmel/atmel toolchain/avr8 gcc/native/3.4.2.1002/avr8-gnu-toolchain/bin/../lib/gcc/avr/4.7.2/../../../../avr/lib/avrxmega7\libc.a(strnlen.o)
 .data          0x00802000        0x0 c:/program files (x86)/atmel/atmel toolchain/avr8 gcc/native/3.4.2.1002/avr8-gnu-toolchain/bin/../lib/gcc/avr/4.7.2/../../../../avr/lib/avrxmega7\libc.a(fputc.o)
 .data          0x00802000        0x0 c:/program files (x86)/atmel/atmel toolchain/avr8 gcc/native/3.4.2.1002/avr8-gnu-toolchain/bin/../lib/gcc/avr/4.7.2/../../../../avr/lib/avrxmega7\libc.a(ultoa_invert.o)
 *(.data*)
 .data.bufTxF1  0x00802000       0x48 uart.o
                0x00802000                bufTxF1
 .data.bufRxF1  0x00802048       0x48 uart.o
                0x00802048                bufRxF1
 .data.bufTxF0  0x00802090       0x48 uart.o
                0x00802090                bufTxF0
 .data.bufRxF0  0x008020d8       0x48 uart.o
                0x008020d8                bufRxF0
 .data.bufTxE1  0x00802120       0x48 uart.o
                0x00802120                bufTxE1
 .data.bufRxE1  0x00802168       0x48 uart.o
                0x00802168                bufRxE1
 .data.bufTxD1  0x008021b0       0x48 uart.o
                0x008021b0                bufTxD1
 .data.bufRxD1  0x008021f8       0x48 uart.o
                0x008021f8                bufRxD1
 .data.bufTxD0  0x00802240       0x48 uart.o
                0x00802240                bufTxD0
 .data.bufRxD0  0x00802288       0x48 uart.o
                0x00802288                bufRxD0
 .data.bufTxC1  0x008022d0       0x48 uart.o
                0x008022d0                bufTxC1
 .data.bufRxC1  0x00802318       0x48 uart.o
                0x00802318                bufRxC1
 .data.bufTxC0  0x00802360       0x48 uart.o
                0x00802360                bufTxC0
 .data.bufRxC0  0x008023a8       0x48 uart.o
                0x008023a8                bufRxC0
 *(.rodata)
 *(.rodata*)
 *(.gnu.linkonce.d*)
                0x008023f0                . = ALIGN (0x2)
                0x008023f0                _edata = .
                0x008023f0                PROVIDE (__data_end, .)

.bss            0x008023f0      0x239
                0x008023f0                PROVIDE (__bss_start, .)
 *(.bss)
 *(.bss*)
 *(COMMON)
 COMMON         0x008023f0      0x108 adc.o
                0x008023f0                adcCnt
                0x008023f8                adc_data
 COMMON         0x008024f8      0x131 ATtinyServo.o
                0x008024f8                servoBuffer
                0x008025e1                servo
                0x00802629                PROVIDE (__bss_end, .)
                0x0000225c                __data_load_start = LOADADDR (.data)
                0x0000264c                __data_load_end = (__data_load_start + SIZEOF (.data))

.noinit         0x00802629        0x0
                0x00802629                PROVIDE (__noinit_start, .)
 *(.noinit*)
                0x00802629                PROVIDE (__noinit_end, .)
                0x00802629                _end = .
                0x00802629                PROVIDE (__heap_start, .)

.eeprom         0x00810000        0x0
 *(.eeprom*)
                0x00810000                __eeprom_end = .

.fuse
 *(.fuse)
 *(.lfuse)
 *(.hfuse)
 *(.efuse)

.lock
 *(.lock*)

.signature
 *(.signature*)

.user_signatures
 *(.user_signatures*)

.stab           0x00000000     0x29a0
 *(.stab)
 .stab          0x00000000      0x714 c:/program files (x86)/atmel/atmel toolchain/avr8 gcc/native/3.4.2.1002/avr8-gnu-toolchain/bin/../lib/gcc/avr/4.7.2/../../../../avr/lib/avrxmega7/crtx128a1u.o
 .stab          0x00000714       0x78 c:/program files (x86)/atmel/atmel toolchain/avr8 gcc/native/3.4.2.1002/avr8-gnu-toolchain/bin/../lib/gcc/avr/4.7.2/../../../../avr/lib/avrxmega7\libm.a(addsf3.o)
                                 0x84 (size before relaxing)
 .stab          0x0000078c      0x4bc c:/program files (x86)/atmel/atmel toolchain/avr8 gcc/native/3.4.2.1002/avr8-gnu-toolchain/bin/../lib/gcc/avr/4.7.2/../../../../avr/lib/avrxmega7\libm.a(addsf3x.o)
                                0x4c8 (size before relaxing)
 .stab          0x00000c48       0x90 c:/program files (x86)/atmel/atmel toolchain/avr8 gcc/native/3.4.2.1002/avr8-gnu-toolchain/bin/../lib/gcc/avr/4.7.2/../../../../avr/lib/avrxmega7\libm.a(cmpsf2.o)
                                 0x9c (size before relaxing)
 .stab          0x00000cd8      0x240 c:/program files (x86)/atmel/atmel toolchain/avr8 gcc/native/3.4.2.1002/avr8-gnu-toolchain/bin/../lib/gcc/avr/4.7.2/../../../../avr/lib/avrxmega7\libm.a(fixunssfsi.o)
                                0x24c (size before relaxing)
 .stab          0x00000f18      0x318 c:/program files (x86)/atmel/atmel toolchain/avr8 gcc/native/3.4.2.1002/avr8-gnu-toolchain/bin/../lib/gcc/avr/4.7.2/../../../../avr/lib/avrxmega7\libm.a(floatsisf.o)
                                0x324 (size before relaxing)
 .stab          0x00001230      0x1e0 c:/program files (x86)/atmel/atmel toolchain/avr8 gcc/native/3.4.2.1002/avr8-gnu-toolchain/bin/../lib/gcc/avr/4.7.2/../../../../avr/lib/avrxmega7\libm.a(fp_cmp.o)
                                0x1ec (size before relaxing)
 .stab          0x00001410       0x78 c:/program files (x86)/atmel/atmel toolchain/avr8 gcc/native/3.4.2.1002/avr8-gnu-toolchain/bin/../lib/gcc/avr/4.7.2/../../../../avr/lib/avrxmega7\libm.a(fp_inf.o)
                                 0x84 (size before relaxing)
 .stab          0x00001488       0x54 c:/program files (x86)/atmel/atmel toolchain/avr8 gcc/native/3.4.2.1002/avr8-gnu-toolchain/bin/../lib/gcc/avr/4.7.2/../../../../avr/lib/avrxmega7\libm.a(fp_nan.o)
                                 0x60 (size before relaxing)
 .stab          0x000014dc       0x84 c:/program files (x86)/atmel/atmel toolchain/avr8 gcc/native/3.4.2.1002/avr8-gnu-toolchain/bin/../lib/gcc/avr/4.7.2/../../../../avr/lib/avrxmega7\libm.a(fp_pscA.o)
                                 0x90 (size before relaxing)
 .stab          0x00001560       0x84 c:/program files (x86)/atmel/atmel toolchain/avr8 gcc/native/3.4.2.1002/avr8-gnu-toolchain/bin/../lib/gcc/avr/4.7.2/../../../../avr/lib/avrxmega7\libm.a(fp_pscB.o)
                                 0x90 (size before relaxing)
 .stab          0x000015e4       0xfc c:/program files (x86)/atmel/atmel toolchain/avr8 gcc/native/3.4.2.1002/avr8-gnu-toolchain/bin/../lib/gcc/avr/4.7.2/../../../../avr/lib/avrxmega7\libm.a(fp_round.o)
                                0x108 (size before relaxing)
 .stab          0x000016e0      0x1d4 c:/program files (x86)/atmel/atmel toolchain/avr8 gcc/native/3.4.2.1002/avr8-gnu-toolchain/bin/../lib/gcc/avr/4.7.2/../../../../avr/lib/avrxmega7\libm.a(fp_split3.o)
                                0x1e0 (size before relaxing)
 .stab          0x000018b4       0x90 c:/program files (x86)/atmel/atmel toolchain/avr8 gcc/native/3.4.2.1002/avr8-gnu-toolchain/bin/../lib/gcc/avr/4.7.2/../../../../avr/lib/avrxmega7\libm.a(fp_zero.o)
                                 0x9c (size before relaxing)
 .stab          0x00001944       0x6c c:/program files (x86)/atmel/atmel toolchain/avr8 gcc/native/3.4.2.1002/avr8-gnu-toolchain/bin/../lib/gcc/avr/4.7.2/../../../../avr/lib/avrxmega7\libm.a(gesf2.o)
                                 0x78 (size before relaxing)
 .stab          0x000019b0      0xa38 c:/program files (x86)/atmel/atmel toolchain/avr8 gcc/native/3.4.2.1002/avr8-gnu-toolchain/bin/../lib/gcc/avr/4.7.2/../../../../avr/lib/avrxmega7\libc.a(ftoa_engine.o)
                                0xa44 (size before relaxing)
 .stab          0x000023e8       0x9c c:/program files (x86)/atmel/atmel toolchain/avr8 gcc/native/3.4.2.1002/avr8-gnu-toolchain/bin/../lib/gcc/avr/4.7.2/../../../../avr/lib/avrxmega7\libc.a(strnlen_P.o)
                                 0xa8 (size before relaxing)
 .stab          0x00002484       0x9c c:/program files (x86)/atmel/atmel toolchain/avr8 gcc/native/3.4.2.1002/avr8-gnu-toolchain/bin/../lib/gcc/avr/4.7.2/../../../../avr/lib/avrxmega7\libc.a(strnlen.o)
                                 0xa8 (size before relaxing)
 .stab          0x00002520      0x480 c:/program files (x86)/atmel/atmel toolchain/avr8 gcc/native/3.4.2.1002/avr8-gnu-toolchain/bin/../lib/gcc/avr/4.7.2/../../../../avr/lib/avrxmega7\libc.a(ultoa_invert.o)
                                0x48c (size before relaxing)

.stabstr        0x00000000      0x8d0
 *(.stabstr)
 .stabstr       0x00000000      0x8d0 c:/program files (x86)/atmel/atmel toolchain/avr8 gcc/native/3.4.2.1002/avr8-gnu-toolchain/bin/../lib/gcc/avr/4.7.2/../../../../avr/lib/avrxmega7/crtx128a1u.o

.stab.excl
 *(.stab.excl)

.stab.exclstr
 *(.stab.exclstr)

.stab.index
 *(.stab.index)

.stab.indexstr
 *(.stab.indexstr)

.comment        0x00000000       0x2f
 *(.comment)
 .comment       0x00000000       0x2f adc.o
                                 0x30 (size before relaxing)
 .comment       0x00000000       0x30 ATtinyServo.o
 .comment       0x00000000       0x30 clock.o
 .comment       0x00000000       0x30 lcd.o
 .comment       0x00000000       0x30 main.o
 .comment       0x00000000       0x30 motor.o
 .comment       0x00000000       0x30 renameMe.o
 .comment       0x00000000       0x30 RTC.o
 .comment       0x00000000       0x30 uart.o
 .comment       0x00000000       0x30 utility.o
 .comment       0x00000000       0x30 c:/program files (x86)/atmel/atmel toolchain/avr8 gcc/native/3.4.2.1002/avr8-gnu-toolchain/bin/../lib/gcc/avr/4.7.2/../../../../avr/lib/avrxmega7\libprintf_flt.a(vfprintf_flt.o)
 .comment       0x00000000       0x30 c:/program files (x86)/atmel/atmel toolchain/avr8 gcc/native/3.4.2.1002/avr8-gnu-toolchain/bin/../lib/gcc/avr/4.7.2/../../../../avr/lib/avrxmega7\libc.a(fputc.o)

.debug
 *(.debug)

.line
 *(.line)

.debug_srcinfo
 *(.debug_srcinfo)

.debug_sfnames
 *(.debug_sfnames)

.debug_aranges  0x00000000      0x3a0
 *(.debug_aranges)
 .debug_aranges
                0x00000000       0x70 adc.o
 .debug_aranges
                0x00000070       0x78 ATtinyServo.o
 .debug_aranges
                0x000000e8       0x20 clock.o
 .debug_aranges
                0x00000108       0x68 lcd.o
 .debug_aranges
                0x00000170       0x20 main.o
 .debug_aranges
                0x00000190       0x30 motor.o
 .debug_aranges
                0x000001c0       0x28 renameMe.o
 .debug_aranges
                0x000001e8       0x28 RTC.o
 .debug_aranges
                0x00000210      0x130 uart.o
 .debug_aranges
                0x00000340       0x20 utility.o
 .debug_aranges
                0x00000360       0x20 c:/program files (x86)/atmel/atmel toolchain/avr8 gcc/native/3.4.2.1002/avr8-gnu-toolchain/bin/../lib/gcc/avr/4.7.2/../../../../avr/lib/avrxmega7\libprintf_flt.a(vfprintf_flt.o)
 .debug_aranges
                0x00000380       0x20 c:/program files (x86)/atmel/atmel toolchain/avr8 gcc/native/3.4.2.1002/avr8-gnu-toolchain/bin/../lib/gcc/avr/4.7.2/../../../../avr/lib/avrxmega7\libc.a(fputc.o)

.debug_pubnames
 *(.debug_pubnames)

.debug_info     0x00000000     0x5da7
 *(.debug_info)
 .debug_info    0x00000000      0x9cf adc.o
 .debug_info    0x000009cf      0xf38 ATtinyServo.o
 .debug_info    0x00001907      0x2c0 clock.o
 .debug_info    0x00001bc7      0x900 lcd.o
 .debug_info    0x000024c7      0x4f0 main.o
 .debug_info    0x000029b7      0xd6e motor.o
 .debug_info    0x00003725      0x790 renameMe.o
 .debug_info    0x00003eb5      0x335 RTC.o
 .debug_info    0x000041ea     0x10bd uart.o
 .debug_info    0x000052a7      0x1bb utility.o
 .debug_info    0x00005462      0x7d1 c:/program files (x86)/atmel/atmel toolchain/avr8 gcc/native/3.4.2.1002/avr8-gnu-toolchain/bin/../lib/gcc/avr/4.7.2/../../../../avr/lib/avrxmega7\libprintf_flt.a(vfprintf_flt.o)
 .debug_info    0x00005c33      0x174 c:/program files (x86)/atmel/atmel toolchain/avr8 gcc/native/3.4.2.1002/avr8-gnu-toolchain/bin/../lib/gcc/avr/4.7.2/../../../../avr/lib/avrxmega7\libc.a(fputc.o)
 *(.gnu.linkonce.wi.*)

.debug_abbrev   0x00000000     0x14a7
 *(.debug_abbrev)
 .debug_abbrev  0x00000000      0x20d adc.o
 .debug_abbrev  0x0000020d      0x2be ATtinyServo.o
 .debug_abbrev  0x000004cb      0x106 clock.o
 .debug_abbrev  0x000005d1      0x254 lcd.o
 .debug_abbrev  0x00000825      0x16f main.o
 .debug_abbrev  0x00000994      0x180 motor.o
 .debug_abbrev  0x00000b14      0x25f renameMe.o
 .debug_abbrev  0x00000d73      0x14f RTC.o
 .debug_abbrev  0x00000ec2      0x27f uart.o
 .debug_abbrev  0x00001141       0xa1 utility.o
 .debug_abbrev  0x000011e2      0x1d4 c:/program files (x86)/atmel/atmel toolchain/avr8 gcc/native/3.4.2.1002/avr8-gnu-toolchain/bin/../lib/gcc/avr/4.7.2/../../../../avr/lib/avrxmega7\libprintf_flt.a(vfprintf_flt.o)
 .debug_abbrev  0x000013b6       0xf1 c:/program files (x86)/atmel/atmel toolchain/avr8 gcc/native/3.4.2.1002/avr8-gnu-toolchain/bin/../lib/gcc/avr/4.7.2/../../../../avr/lib/avrxmega7\libc.a(fputc.o)

.debug_line     0x00000000     0x25c5
 *(.debug_line)
 .debug_line    0x00000000      0x3cf adc.o
 .debug_line    0x000003cf      0x442 ATtinyServo.o
 .debug_line    0x00000811      0x1d0 clock.o
 .debug_line    0x000009e1      0x49f lcd.o
 .debug_line    0x00000e80      0x127 main.o
 .debug_line    0x00000fa7      0x232 motor.o
 .debug_line    0x000011d9      0x306 renameMe.o
 .debug_line    0x000014df      0x1c3 RTC.o
 .debug_line    0x000016a2      0x793 uart.o
 .debug_line    0x00001e35      0x18b utility.o
 .debug_line    0x00001fc0      0x501 c:/program files (x86)/atmel/atmel toolchain/avr8 gcc/native/3.4.2.1002/avr8-gnu-toolchain/bin/../lib/gcc/avr/4.7.2/../../../../avr/lib/avrxmega7\libprintf_flt.a(vfprintf_flt.o)
 .debug_line    0x000024c1      0x104 c:/program files (x86)/atmel/atmel toolchain/avr8 gcc/native/3.4.2.1002/avr8-gnu-toolchain/bin/../lib/gcc/avr/4.7.2/../../../../avr/lib/avrxmega7\libc.a(fputc.o)

.debug_frame    0x00000000      0xd9c
 *(.debug_frame)
 .debug_frame   0x00000000      0x2b8 adc.o
 .debug_frame   0x000002b8      0x1c0 ATtinyServo.o
 .debug_frame   0x00000478       0x24 clock.o
 .debug_frame   0x0000049c       0xdc lcd.o
 .debug_frame   0x00000578       0x24 main.o
 .debug_frame   0x0000059c       0x44 motor.o
 .debug_frame   0x000005e0       0x40 renameMe.o
 .debug_frame   0x00000620       0x34 RTC.o
 .debug_frame   0x00000654      0x668 uart.o
 .debug_frame   0x00000cbc       0x24 utility.o
 .debug_frame   0x00000ce0       0x84 c:/program files (x86)/atmel/atmel toolchain/avr8 gcc/native/3.4.2.1002/avr8-gnu-toolchain/bin/../lib/gcc/avr/4.7.2/../../../../avr/lib/avrxmega7\libprintf_flt.a(vfprintf_flt.o)
 .debug_frame   0x00000d64       0x38 c:/program files (x86)/atmel/atmel toolchain/avr8 gcc/native/3.4.2.1002/avr8-gnu-toolchain/bin/../lib/gcc/avr/4.7.2/../../../../avr/lib/avrxmega7\libc.a(fputc.o)

.debug_str      0x00000000     0x2305
 *(.debug_str)
 .debug_str     0x00000000      0x8a1 adc.o
                                0x905 (size before relaxing)
 .debug_str     0x000008a1      0x9d9 ATtinyServo.o
                                0xc34 (size before relaxing)
 .debug_str     0x0000127a      0x1b0 clock.o
                                0x2b5 (size before relaxing)
 .debug_str     0x0000142a      0x112 lcd.o
                                0x2f1 (size before relaxing)
 .debug_str     0x0000153c       0xe6 main.o
                                0x2aa (size before relaxing)
 .debug_str     0x00001622      0x342 motor.o
                                0x954 (size before relaxing)
 .debug_str     0x00001964       0x35 renameMe.o
                                0x3b2 (size before relaxing)
 .debug_str     0x00001999      0x196 RTC.o
                                0x31e (size before relaxing)
 .debug_str     0x00001b2f      0x2ae uart.o
                                0x7c7 (size before relaxing)
 .debug_str     0x00001ddd      0x3bb utility.o
                                0x4aa (size before relaxing)
 .debug_str     0x00002198      0x10b c:/program files (x86)/atmel/atmel toolchain/avr8 gcc/native/3.4.2.1002/avr8-gnu-toolchain/bin/../lib/gcc/avr/4.7.2/../../../../avr/lib/avrxmega7\libprintf_flt.a(vfprintf_flt.o)
                                0x1e8 (size before relaxing)
 .debug_str     0x000022a3       0x62 c:/program files (x86)/atmel/atmel toolchain/avr8 gcc/native/3.4.2.1002/avr8-gnu-toolchain/bin/../lib/gcc/avr/4.7.2/../../../../avr/lib/avrxmega7\libc.a(fputc.o)
                                0x10d (size before relaxing)

.debug_loc      0x00000000     0x2a4c
 *(.debug_loc)
 .debug_loc     0x00000000      0x69f adc.o
 .debug_loc     0x0000069f      0x52f ATtinyServo.o
 .debug_loc     0x00000bce      0x1eb lcd.o
 .debug_loc     0x00000db9      0x14c motor.o
 .debug_loc     0x00000f05      0x153 renameMe.o
 .debug_loc     0x00001058       0x38 RTC.o
 .debug_loc     0x00001090      0xf2e uart.o
 .debug_loc     0x00001fbe       0x46 utility.o
 .debug_loc     0x00002004      0x955 c:/program files (x86)/atmel/atmel toolchain/avr8 gcc/native/3.4.2.1002/avr8-gnu-toolchain/bin/../lib/gcc/avr/4.7.2/../../../../avr/lib/avrxmega7\libprintf_flt.a(vfprintf_flt.o)
 .debug_loc     0x00002959       0xf3 c:/program files (x86)/atmel/atmel toolchain/avr8 gcc/native/3.4.2.1002/avr8-gnu-toolchain/bin/../lib/gcc/avr/4.7.2/../../../../avr/lib/avrxmega7\libc.a(fputc.o)

.debug_macinfo
 *(.debug_macinfo)

.debug_pubtypes
 *(.debug_pubtypes)

.debug_ranges   0x00000000      0x2f8
 *(.debug_ranges)
 .debug_ranges  0x00000000       0x60 adc.o
 .debug_ranges  0x00000060       0x68 ATtinyServo.o
 .debug_ranges  0x000000c8       0x10 clock.o
 .debug_ranges  0x000000d8       0x58 lcd.o
 .debug_ranges  0x00000130       0x10 main.o
 .debug_ranges  0x00000140       0x20 motor.o
 .debug_ranges  0x00000160       0x18 renameMe.o
 .debug_ranges  0x00000178       0x18 RTC.o
 .debug_ranges  0x00000190      0x120 uart.o
 .debug_ranges  0x000002b0       0x10 utility.o
 .debug_ranges  0x000002c0       0x28 c:/program files (x86)/atmel/atmel toolchain/avr8 gcc/native/3.4.2.1002/avr8-gnu-toolchain/bin/../lib/gcc/avr/4.7.2/../../../../avr/lib/avrxmega7\libprintf_flt.a(vfprintf_flt.o)
 .debug_ranges  0x000002e8       0x10 c:/program files (x86)/atmel/atmel toolchain/avr8 gcc/native/3.4.2.1002/avr8-gnu-toolchain/bin/../lib/gcc/avr/4.7.2/../../../../avr/lib/avrxmega7\libc.a(fputc.o)

.debug_macro
 *(.debug_macro)
OUTPUT(Epiphany_v2.elf elf32-avr)
LOAD linker stubs
