Archive member included because of file (symbol)

c:/program files (x86)/atmel/avr studio 5.0/avr toolchain/bin/../lib/gcc/avr/4.5.1/avr25\libgcc.a(_exit.o)
                              c:/program files (x86)/atmel/avr studio 5.0/avr toolchain/bin/../lib/gcc/avr/4.5.1/../../../../avr/lib/avr25/crttn4313.o (exit)
c:/program files (x86)/atmel/avr studio 5.0/avr toolchain/bin/../lib/gcc/avr/4.5.1/avr25\libgcc.a(_clear_bss.o)
                              other.o (__do_clear_bss)

Allocating common symbols
Common symbol       size              file

uart_str            0xe               main.o
temp                0x4               other.o
servoDataBuffer     0x30              other.o
buffer              0x18              uart.o
servo               0x60              other.o

Memory Configuration

Name             Origin             Length             Attributes
text             0x00000000         0x00002000         xr
data             0x00800060         0x0000ffa0         rw !x
eeprom           0x00810000         0x00010000         rw !x
fuse             0x00820000         0x00000400         rw !x
lock             0x00830000         0x00000400         rw !x
signature        0x00840000         0x00000400         rw !x
*default*        0x00000000         0xffffffff

Linker script and memory map

LOAD c:/program files (x86)/atmel/avr studio 5.0/avr toolchain/bin/../lib/gcc/avr/4.5.1/../../../../avr/lib/avr25/crttn4313.o
LOAD other.o
LOAD main.o
LOAD Timer.o
LOAD uart.o
LOAD c:/program files (x86)/atmel/avr studio 5.0/avr toolchain/bin/../lib/gcc/avr/4.5.1/avr25\libgcc.a
LOAD c:/program files (x86)/atmel/avr studio 5.0/avr toolchain/bin/../lib/gcc/avr/4.5.1/../../../../avr/lib/avr25\libc.a
LOAD c:/program files (x86)/atmel/avr studio 5.0/avr toolchain/bin/../lib/gcc/avr/4.5.1/avr25\libgcc.a

.hash
 *(.hash)

.dynsym
 *(.dynsym)

.dynstr
 *(.dynstr)

.gnu.version
 *(.gnu.version)

.gnu.version_d
 *(.gnu.version_d)

.gnu.version_r
 *(.gnu.version_r)

.rel.init
 *(.rel.init)

.rela.init
 *(.rela.init)

.rel.text
 *(.rel.text)
 *(.rel.text.*)
 *(.rel.gnu.linkonce.t*)

.rela.text
 *(.rela.text)
 *(.rela.text.*)
 *(.rela.gnu.linkonce.t*)

.rel.fini
 *(.rel.fini)

.rela.fini
 *(.rela.fini)

.rel.rodata
 *(.rel.rodata)
 *(.rel.rodata.*)
 *(.rel.gnu.linkonce.r*)

.rela.rodata
 *(.rela.rodata)
 *(.rela.rodata.*)
 *(.rela.gnu.linkonce.r*)

.rel.data
 *(.rel.data)
 *(.rel.data.*)
 *(.rel.gnu.linkonce.d*)

.rela.data
 *(.rela.data)
 *(.rela.data.*)
 *(.rela.gnu.linkonce.d*)

.rel.ctors
 *(.rel.ctors)

.rela.ctors
 *(.rela.ctors)

.rel.dtors
 *(.rel.dtors)

.rela.dtors
 *(.rela.dtors)

.rel.got
 *(.rel.got)

.rela.got
 *(.rela.got)

.rel.bss
 *(.rel.bss)

.rela.bss
 *(.rela.bss)

.rel.plt
 *(.rel.plt)

.rela.plt
 *(.rela.plt)

.text           0x00000000      0x350
 *(.vectors)
 .vectors       0x00000000       0x2a c:/program files (x86)/atmel/avr studio 5.0/avr toolchain/bin/../lib/gcc/avr/4.5.1/../../../../avr/lib/avr25/crttn4313.o
                0x00000000                __vectors
 *(.vectors)
 *(.progmem.gcc*)
 *(.progmem*)
                0x0000002a                . = ALIGN (0x2)
                0x0000002a                __trampolines_start = .
 *(.trampolines)
 .trampolines   0x0000002a        0x0 linker stubs
 *(.trampolines*)
                0x0000002a                __trampolines_end = .
 *(.jumptables)
 *(.jumptables*)
 *(.lowtext)
 *(.lowtext*)
                0x0000002a                __ctors_start = .
 *(.ctors)
                0x0000002a                __ctors_end = .
                0x0000002a                __dtors_start = .
 *(.dtors)
                0x0000002a                __dtors_end = .
 SORT(*)(.ctors)
 SORT(*)(.dtors)
 *(.init0)
 .init0         0x0000002a        0x0 c:/program files (x86)/atmel/avr studio 5.0/avr toolchain/bin/../lib/gcc/avr/4.5.1/../../../../avr/lib/avr25/crttn4313.o
                0x0000002a                __init
 *(.init0)
 *(.init1)
 *(.init1)
 *(.init2)
 .init2         0x0000002a        0xc c:/program files (x86)/atmel/avr studio 5.0/avr toolchain/bin/../lib/gcc/avr/4.5.1/../../../../avr/lib/avr25/crttn4313.o
 *(.init2)
 *(.init3)
 *(.init3)
 *(.init4)
 .init4         0x00000036       0x10 c:/program files (x86)/atmel/avr studio 5.0/avr toolchain/bin/../lib/gcc/avr/4.5.1/avr25\libgcc.a(_clear_bss.o)
                0x00000036                __do_clear_bss
 *(.init4)
 *(.init5)
 *(.init5)
 *(.init6)
 *(.init6)
 *(.init7)
 *(.init7)
 *(.init8)
 *(.init8)
 *(.init9)
 .init9         0x00000046        0x4 c:/program files (x86)/atmel/avr studio 5.0/avr toolchain/bin/../lib/gcc/avr/4.5.1/../../../../avr/lib/avr25/crttn4313.o
 *(.init9)
 *(.text)
 .text          0x0000004a        0x2 c:/program files (x86)/atmel/avr studio 5.0/avr toolchain/bin/../lib/gcc/avr/4.5.1/../../../../avr/lib/avr25/crttn4313.o
                0x0000004a                __vector_1
                0x0000004a                __vector_12
                0x0000004a                __bad_interrupt
                0x0000004a                __vector_6
                0x0000004a                __vector_3
                0x0000004a                __vector_11
                0x0000004a                __vector_13
                0x0000004a                __vector_17
                0x0000004a                __vector_19
                0x0000004a                __vector_5
                0x0000004a                __vector_9
                0x0000004a                __vector_2
                0x0000004a                __vector_15
                0x0000004a                __vector_8
                0x0000004a                __vector_14
                0x0000004a                __vector_10
                0x0000004a                __vector_16
                0x0000004a                __vector_18
                0x0000004a                __vector_20
 .text          0x0000004c      0x168 other.o
                0x0000004c                setMasks
                0x000000cc                refresh
                0x000000ec                seedValues
                0x00000102                sort
                0x0000015c                postSortMask
                0x00000198                seedTimerCompares
 .text          0x000001b4       0xde main.o
                0x000001b4                main
                0x000001e4                __vector_default
                0x000001f8                __vector_7
                0x0000020c                __vector_4
                0x0000028e                uartGetC
 .text          0x00000292       0x14 Timer.o
                0x00000292                timer1Init
 .text          0x000002a6       0xa6 uart.o
                0x000002a6                uartInit
                0x000002b2                uart_putchar
                0x000002bc                uart_getchar
                0x000002f4                store
                0x0000032a                dataInbuffer
                0x00000346                ISR
 .text          0x0000034c        0x0 c:/program files (x86)/atmel/avr studio 5.0/avr toolchain/bin/../lib/gcc/avr/4.5.1/avr25\libgcc.a(_exit.o)
 .text          0x0000034c        0x0 c:/program files (x86)/atmel/avr studio 5.0/avr toolchain/bin/../lib/gcc/avr/4.5.1/avr25\libgcc.a(_clear_bss.o)
                0x0000034c                . = ALIGN (0x2)
 *(.text.*)
 .text.libgcc   0x0000034c        0x0 c:/program files (x86)/atmel/avr studio 5.0/avr toolchain/bin/../lib/gcc/avr/4.5.1/avr25\libgcc.a(_exit.o)
 .text.libgcc   0x0000034c        0x0 c:/program files (x86)/atmel/avr studio 5.0/avr toolchain/bin/../lib/gcc/avr/4.5.1/avr25\libgcc.a(_clear_bss.o)
                0x0000034c                . = ALIGN (0x2)
 *(.fini9)
 .fini9         0x0000034c        0x0 c:/program files (x86)/atmel/avr studio 5.0/avr toolchain/bin/../lib/gcc/avr/4.5.1/avr25\libgcc.a(_exit.o)
                0x0000034c                _exit
                0x0000034c                exit
 *(.fini9)
 *(.fini8)
 *(.fini8)
 *(.fini7)
 *(.fini7)
 *(.fini6)
 *(.fini6)
 *(.fini5)
 *(.fini5)
 *(.fini4)
 *(.fini4)
 *(.fini3)
 *(.fini3)
 *(.fini2)
 *(.fini2)
 *(.fini1)
 *(.fini1)
 *(.fini0)
 .fini0         0x0000034c        0x4 c:/program files (x86)/atmel/avr studio 5.0/avr toolchain/bin/../lib/gcc/avr/4.5.1/avr25\libgcc.a(_exit.o)
 *(.fini0)
                0x00000350                _etext = .

.data           0x00800060        0x0 load address 0x00000350
                0x00800060                PROVIDE (__data_start, .)
 *(.data)
 .data          0x00800060        0x0 c:/program files (x86)/atmel/avr studio 5.0/avr toolchain/bin/../lib/gcc/avr/4.5.1/../../../../avr/lib/avr25/crttn4313.o
 .data          0x00800060        0x0 other.o
 .data          0x00800060        0x0 main.o
 .data          0x00800060        0x0 Timer.o
 .data          0x00800060        0x0 uart.o
 .data          0x00800060        0x0 c:/program files (x86)/atmel/avr studio 5.0/avr toolchain/bin/../lib/gcc/avr/4.5.1/avr25\libgcc.a(_exit.o)
 .data          0x00800060        0x0 c:/program files (x86)/atmel/avr studio 5.0/avr toolchain/bin/../lib/gcc/avr/4.5.1/avr25\libgcc.a(_clear_bss.o)
 *(.data*)
 *(.rodata)
 *(.rodata*)
 *(.gnu.linkonce.d*)
                0x00800060                . = ALIGN (0x2)
                0x00800060                _edata = .
                0x00800060                PROVIDE (__data_end, .)

.bss            0x00800060       0xbc
                0x00800060                PROVIDE (__bss_start, .)
 *(.bss)
 .bss           0x00800060        0x0 c:/program files (x86)/atmel/avr studio 5.0/avr toolchain/bin/../lib/gcc/avr/4.5.1/../../../../avr/lib/avr25/crttn4313.o
 .bss           0x00800060        0x2 other.o
                0x00800060                flagReg
                0x00800061                currentServo
 .bss           0x00800062        0x0 main.o
 .bss           0x00800062        0x0 Timer.o
 .bss           0x00800062        0x0 uart.o
 .bss           0x00800062        0x0 c:/program files (x86)/atmel/avr studio 5.0/avr toolchain/bin/../lib/gcc/avr/4.5.1/avr25\libgcc.a(_exit.o)
 .bss           0x00800062        0x0 c:/program files (x86)/atmel/avr studio 5.0/avr toolchain/bin/../lib/gcc/avr/4.5.1/avr25\libgcc.a(_clear_bss.o)
 *(.bss*)
 *(COMMON)
 COMMON         0x00800062       0x94 other.o
                0x00800062                temp
                0x00800066                servoDataBuffer
                0x00800096                servo
 COMMON         0x008000f6        0xe main.o
                0x008000f6                uart_str
 COMMON         0x00800104       0x18 uart.o
                0x00800104                buffer
                0x0080011c                PROVIDE (__bss_end, .)
                0x00000350                __data_load_start = LOADADDR (.data)
                0x00000350                __data_load_end = (__data_load_start + SIZEOF (.data))

.noinit         0x0080011c        0x0
                0x0080011c                PROVIDE (__noinit_start, .)
 *(.noinit*)
                0x0080011c                PROVIDE (__noinit_end, .)
                0x0080011c                _end = .
                0x0080011c                PROVIDE (__heap_start, .)

.eeprom         0x00810000        0x0
 *(.eeprom*)
                0x00810000                __eeprom_end = .

.fuse
 *(.fuse)
 *(.lfuse)
 *(.hfuse)
 *(.efuse)

.lock
 *(.lock*)

.signature
 *(.signature*)

.stab           0x00000000      0x6cc
 *(.stab)
 .stab          0x00000000      0x6cc c:/program files (x86)/atmel/avr studio 5.0/avr toolchain/bin/../lib/gcc/avr/4.5.1/../../../../avr/lib/avr25/crttn4313.o

.stabstr        0x00000000       0x85
 *(.stabstr)
 .stabstr       0x00000000       0x85 c:/program files (x86)/atmel/avr studio 5.0/avr toolchain/bin/../lib/gcc/avr/4.5.1/../../../../avr/lib/avr25/crttn4313.o

.stab.excl
 *(.stab.excl)

.stab.exclstr
 *(.stab.exclstr)

.stab.index
 *(.stab.index)

.stab.indexstr
 *(.stab.indexstr)

.comment
 *(.comment)

.debug
 *(.debug)

.line
 *(.line)

.debug_srcinfo
 *(.debug_srcinfo)

.debug_sfnames
 *(.debug_sfnames)

.debug_aranges  0x00000000       0x80
 *(.debug_aranges)
 .debug_aranges
                0x00000000       0x20 other.o
 .debug_aranges
                0x00000020       0x20 main.o
 .debug_aranges
                0x00000040       0x20 Timer.o
 .debug_aranges
                0x00000060       0x20 uart.o

.debug_pubnames
                0x00000000      0x1eb
 *(.debug_pubnames)
 .debug_pubnames
                0x00000000       0xae other.o
 .debug_pubnames
                0x000000ae       0xa0 main.o
 .debug_pubnames
                0x0000014e       0x21 Timer.o
 .debug_pubnames
                0x0000016f       0x7c uart.o

.debug_info     0x00000000      0x8ac
 *(.debug_info)
 .debug_info    0x00000000      0x27f other.o
 .debug_info    0x0000027f      0x2c8 main.o
 .debug_info    0x00000547       0x8d Timer.o
 .debug_info    0x000005d4      0x2d8 uart.o
 *(.gnu.linkonce.wi.*)

.debug_abbrev   0x00000000      0x404
 *(.debug_abbrev)
 .debug_abbrev  0x00000000       0xe9 other.o
 .debug_abbrev  0x000000e9      0x125 main.o
 .debug_abbrev  0x0000020e       0x4e Timer.o
 .debug_abbrev  0x0000025c      0x1a8 uart.o

.debug_line     0x00000000      0xdb7
 *(.debug_line)
 .debug_line    0x00000000      0x3f9 other.o
 .debug_line    0x000003f9      0x42b main.o
 .debug_line    0x00000824      0x26f Timer.o
 .debug_line    0x00000a93      0x324 uart.o

.debug_frame    0x00000000      0x160
 *(.debug_frame)
 .debug_frame   0x00000000       0x70 other.o
 .debug_frame   0x00000070       0x60 main.o
 .debug_frame   0x000000d0       0x20 Timer.o
 .debug_frame   0x000000f0       0x70 uart.o

.debug_str      0x00000000      0x295
 *(.debug_str)
 .debug_str     0x00000000      0x16a other.o
                                0x19e (size before relaxing)
 .debug_str     0x0000016a       0xa3 main.o
                                0x1e6 (size before relaxing)
 .debug_str     0x0000020d       0x18 Timer.o
                                 0xf1 (size before relaxing)
 .debug_str     0x00000225       0x70 uart.o
                                0x18f (size before relaxing)

.debug_loc      0x00000000      0x11e
 *(.debug_loc)
 .debug_loc     0x00000000       0xa6 other.o
 .debug_loc     0x000000a6       0x78 uart.o

.debug_macinfo  0x00000000    0x18ee7
 *(.debug_macinfo)
 .debug_macinfo
                0x00000000     0x5e89 other.o
 .debug_macinfo
                0x00005e89     0x6c87 main.o
 .debug_macinfo
                0x0000cb10     0x5e89 Timer.o
 .debug_macinfo
                0x00012999     0x654e uart.o
OUTPUT(ServoControlATtiny4313.elf elf32-avr)
LOAD linker stubs

.debug_pubtypes
                0x00000000      0x118
 .debug_pubtypes
                0x00000000       0x4d other.o
 .debug_pubtypes
                0x0000004d       0x6c main.o
 .debug_pubtypes
                0x000000b9       0x2b Timer.o
 .debug_pubtypes
                0x000000e4       0x34 uart.o
